gmp_golden_sweep: lm=3 le=4
mode: exhaustive (2^16 pairs x 2 ops = 131072 vectors)
vectors run: 131072
failures: 242
------------------------------------------------------------
FAIL: a=80 b=00 op=0 expected=00 got=80
    a=-0.0 b=0.0 op=0 expected=0.0 got=-0.0
FAIL: a=80 b=00 op=1 expected=00 got=80
    a=-0.0 b=0.0 op=1 expected=0.0 got=-0.0
FAIL: a=80 b=80 op=0 expected=00 got=80
    a=-0.0 b=-0.0 op=0 expected=0.0 got=-0.0
FAIL: a=80 b=80 op=1 expected=00 got=80
    a=-0.0 b=-0.0 op=1 expected=0.0 got=-0.0
FAIL: a=81 b=01 op=0 expected=00 got=80
    a=-0.00195 b=0.00195 op=0 expected=0.0 got=-0.0
FAIL: a=81 b=81 op=1 expected=00 got=80
    a=-0.00195 b=-0.00195 op=1 expected=0.0 got=-0.0
FAIL: a=82 b=02 op=0 expected=00 got=80
    a=-0.00391 b=0.00391 op=0 expected=0.0 got=-0.0
FAIL: a=82 b=82 op=1 expected=00 got=80
    a=-0.00391 b=-0.00391 op=1 expected=0.0 got=-0.0
FAIL: a=83 b=03 op=0 expected=00 got=80
    a=-0.00586 b=0.00586 op=0 expected=0.0 got=-0.0
FAIL: a=83 b=83 op=1 expected=00 got=80
    a=-0.00586 b=-0.00586 op=1 expected=0.0 got=-0.0
FAIL: a=84 b=04 op=0 expected=00 got=80
    a=-0.00781 b=0.00781 op=0 expected=0.0 got=-0.0
FAIL: a=84 b=84 op=1 expected=00 got=80
    a=-0.00781 b=-0.00781 op=1 expected=0.0 got=-0.0
FAIL: a=85 b=05 op=0 expected=00 got=80
    a=-0.00977 b=0.00977 op=0 expected=0.0 got=-0.0
FAIL: a=85 b=85 op=1 expected=00 got=80
    a=-0.00977 b=-0.00977 op=1 expected=0.0 got=-0.0
FAIL: a=86 b=06 op=0 expected=00 got=80
    a=-0.0117 b=0.0117 op=0 expected=0.0 got=-0.0
FAIL: a=86 b=86 op=1 expected=00 got=80
    a=-0.0117 b=-0.0117 op=1 expected=0.0 got=-0.0
FAIL: a=87 b=07 op=0 expected=00 got=80
    a=-0.0137 b=0.0137 op=0 expected=0.0 got=-0.0
FAIL: a=87 b=87 op=1 expected=00 got=80
    a=-0.0137 b=-0.0137 op=1 expected=0.0 got=-0.0
FAIL: a=88 b=08 op=0 expected=00 got=80
    a=-0.0156 b=0.0156 op=0 expected=0.0 got=-0.0
FAIL: a=88 b=88 op=1 expected=00 got=80
    a=-0.0156 b=-0.0156 op=1 expected=0.0 got=-0.0
FAIL: a=89 b=09 op=0 expected=00 got=80
    a=-0.0176 b=0.0176 op=0 expected=0.0 got=-0.0
FAIL: a=89 b=89 op=1 expected=00 got=80
    a=-0.0176 b=-0.0176 op=1 expected=0.0 got=-0.0
FAIL: a=8a b=0a op=0 expected=00 got=80
    a=-0.0195 b=0.0195 op=0 expected=0.0 got=-0.0
FAIL: a=8a b=8a op=1 expected=00 got=80
    a=-0.0195 b=-0.0195 op=1 expected=0.0 got=-0.0
FAIL: a=8b b=0b op=0 expected=00 got=80
    a=-0.0215 b=0.0215 op=0 expected=0.0 got=-0.0
FAIL: a=8b b=8b op=1 expected=00 got=80
    a=-0.0215 b=-0.0215 op=1 expected=0.0 got=-0.0
FAIL: a=8c b=0c op=0 expected=00 got=80
    a=-0.0234 b=0.0234 op=0 expected=0.0 got=-0.0
FAIL: a=8c b=8c op=1 expected=00 got=80
    a=-0.0234 b=-0.0234 op=1 expected=0.0 got=-0.0
FAIL: a=8d b=0d op=0 expected=00 got=80
    a=-0.0254 b=0.0254 op=0 expected=0.0 got=-0.0
FAIL: a=8d b=8d op=1 expected=00 got=80
    a=-0.0254 b=-0.0254 op=1 expected=0.0 got=-0.0
FAIL: a=8e b=0e op=0 expected=00 got=80
    a=-0.0273 b=0.0273 op=0 expected=0.0 got=-0.0
FAIL: a=8e b=8e op=1 expected=00 got=80
    a=-0.0273 b=-0.0273 op=1 expected=0.0 got=-0.0
FAIL: a=8f b=0f op=0 expected=00 got=80
    a=-0.0293 b=0.0293 op=0 expected=0.0 got=-0.0
FAIL: a=8f b=8f op=1 expected=00 got=80
    a=-0.0293 b=-0.0293 op=1 expected=0.0 got=-0.0
FAIL: a=90 b=10 op=0 expected=00 got=80
    a=-0.0312 b=0.0312 op=0 expected=0.0 got=-0.0
FAIL: a=90 b=90 op=1 expected=00 got=80
    a=-0.0312 b=-0.0312 op=1 expected=0.0 got=-0.0
FAIL: a=91 b=11 op=0 expected=00 got=80
    a=-0.0352 b=0.0352 op=0 expected=0.0 got=-0.0
FAIL: a=91 b=91 op=1 expected=00 got=80
    a=-0.0352 b=-0.0352 op=1 expected=0.0 got=-0.0
FAIL: a=92 b=12 op=0 expected=00 got=80
    a=-0.0391 b=0.0391 op=0 expected=0.0 got=-0.0
FAIL: a=92 b=92 op=1 expected=00 got=80
    a=-0.0391 b=-0.0391 op=1 expected=0.0 got=-0.0
FAIL: a=93 b=13 op=0 expected=00 got=80
    a=-0.043 b=0.043 op=0 expected=0.0 got=-0.0
FAIL: a=93 b=93 op=1 expected=00 got=80
    a=-0.043 b=-0.043 op=1 expected=0.0 got=-0.0
FAIL: a=94 b=14 op=0 expected=00 got=80
    a=-0.0469 b=0.0469 op=0 expected=0.0 got=-0.0
FAIL: a=94 b=94 op=1 expected=00 got=80
    a=-0.0469 b=-0.0469 op=1 expected=0.0 got=-0.0
FAIL: a=95 b=15 op=0 expected=00 got=80
    a=-0.0508 b=0.0508 op=0 expected=0.0 got=-0.0
FAIL: a=95 b=95 op=1 expected=00 got=80
    a=-0.0508 b=-0.0508 op=1 expected=0.0 got=-0.0
FAIL: a=96 b=16 op=0 expected=00 got=80
    a=-0.0547 b=0.0547 op=0 expected=0.0 got=-0.0
FAIL: a=96 b=96 op=1 expected=00 got=80
    a=-0.0547 b=-0.0547 op=1 expected=0.0 got=-0.0
FAIL: a=97 b=17 op=0 expected=00 got=80
    a=-0.0586 b=0.0586 op=0 expected=0.0 got=-0.0
FAIL: a=97 b=97 op=1 expected=00 got=80
    a=-0.0586 b=-0.0586 op=1 expected=0.0 got=-0.0
FAIL: a=98 b=18 op=0 expected=00 got=80
    a=-0.0625 b=0.0625 op=0 expected=0.0 got=-0.0
FAIL: a=98 b=98 op=1 expected=00 got=80
    a=-0.0625 b=-0.0625 op=1 expected=0.0 got=-0.0
FAIL: a=99 b=19 op=0 expected=00 got=80
    a=-0.0703 b=0.0703 op=0 expected=0.0 got=-0.0
FAIL: a=99 b=99 op=1 expected=00 got=80
    a=-0.0703 b=-0.0703 op=1 expected=0.0 got=-0.0
FAIL: a=9a b=1a op=0 expected=00 got=80
    a=-0.0781 b=0.0781 op=0 expected=0.0 got=-0.0
FAIL: a=9a b=9a op=1 expected=00 got=80
    a=-0.0781 b=-0.0781 op=1 expected=0.0 got=-0.0
FAIL: a=9b b=1b op=0 expected=00 got=80
    a=-0.0859 b=0.0859 op=0 expected=0.0 got=-0.0
FAIL: a=9b b=9b op=1 expected=00 got=80
    a=-0.0859 b=-0.0859 op=1 expected=0.0 got=-0.0
FAIL: a=9c b=1c op=0 expected=00 got=80
    a=-0.0938 b=0.0938 op=0 expected=0.0 got=-0.0
FAIL: a=9c b=9c op=1 expected=00 got=80
    a=-0.0938 b=-0.0938 op=1 expected=0.0 got=-0.0
FAIL: a=9d b=1d op=0 expected=00 got=80
    a=-0.102 b=0.102 op=0 expected=0.0 got=-0.0
FAIL: a=9d b=9d op=1 expected=00 got=80
    a=-0.102 b=-0.102 op=1 expected=0.0 got=-0.0
FAIL: a=9e b=1e op=0 expected=00 got=80
    a=-0.109 b=0.109 op=0 expected=0.0 got=-0.0
FAIL: a=9e b=9e op=1 expected=00 got=80
    a=-0.109 b=-0.109 op=1 expected=0.0 got=-0.0
FAIL: a=9f b=1f op=0 expected=00 got=80
    a=-0.117 b=0.117 op=0 expected=0.0 got=-0.0
FAIL: a=9f b=9f op=1 expected=00 got=80
    a=-0.117 b=-0.117 op=1 expected=0.0 got=-0.0
FAIL: a=a0 b=20 op=0 expected=00 got=80
    a=-0.125 b=0.125 op=0 expected=0.0 got=-0.0
FAIL: a=a0 b=a0 op=1 expected=00 got=80
    a=-0.125 b=-0.125 op=1 expected=0.0 got=-0.0
FAIL: a=a1 b=21 op=0 expected=00 got=80
    a=-0.141 b=0.141 op=0 expected=0.0 got=-0.0
FAIL: a=a1 b=a1 op=1 expected=00 got=80
    a=-0.141 b=-0.141 op=1 expected=0.0 got=-0.0
FAIL: a=a2 b=22 op=0 expected=00 got=80
    a=-0.156 b=0.156 op=0 expected=0.0 got=-0.0
FAIL: a=a2 b=a2 op=1 expected=00 got=80
    a=-0.156 b=-0.156 op=1 expected=0.0 got=-0.0
FAIL: a=a3 b=23 op=0 expected=00 got=80
    a=-0.172 b=0.172 op=0 expected=0.0 got=-0.0
FAIL: a=a3 b=a3 op=1 expected=00 got=80
    a=-0.172 b=-0.172 op=1 expected=0.0 got=-0.0
FAIL: a=a4 b=24 op=0 expected=00 got=80
    a=-0.188 b=0.188 op=0 expected=0.0 got=-0.0
FAIL: a=a4 b=a4 op=1 expected=00 got=80
    a=-0.188 b=-0.188 op=1 expected=0.0 got=-0.0
FAIL: a=a5 b=25 op=0 expected=00 got=80
    a=-0.203 b=0.203 op=0 expected=0.0 got=-0.0
FAIL: a=a5 b=a5 op=1 expected=00 got=80
    a=-0.203 b=-0.203 op=1 expected=0.0 got=-0.0
FAIL: a=a6 b=26 op=0 expected=00 got=80
    a=-0.219 b=0.219 op=0 expected=0.0 got=-0.0
FAIL: a=a6 b=a6 op=1 expected=00 got=80
    a=-0.219 b=-0.219 op=1 expected=0.0 got=-0.0
FAIL: a=a7 b=27 op=0 expected=00 got=80
    a=-0.234 b=0.234 op=0 expected=0.0 got=-0.0
FAIL: a=a7 b=a7 op=1 expected=00 got=80
    a=-0.234 b=-0.234 op=1 expected=0.0 got=-0.0
FAIL: a=a8 b=28 op=0 expected=00 got=80
    a=-0.25 b=0.25 op=0 expected=0.0 got=-0.0
FAIL: a=a8 b=a8 op=1 expected=00 got=80
    a=-0.25 b=-0.25 op=1 expected=0.0 got=-0.0
FAIL: a=a9 b=29 op=0 expected=00 got=80
    a=-0.281 b=0.281 op=0 expected=0.0 got=-0.0
FAIL: a=a9 b=a9 op=1 expected=00 got=80
    a=-0.281 b=-0.281 op=1 expected=0.0 got=-0.0
FAIL: a=aa b=2a op=0 expected=00 got=80
    a=-0.312 b=0.312 op=0 expected=0.0 got=-0.0
FAIL: a=aa b=aa op=1 expected=00 got=80
    a=-0.312 b=-0.312 op=1 expected=0.0 got=-0.0
FAIL: a=ab b=2b op=0 expected=00 got=80
    a=-0.344 b=0.344 op=0 expected=0.0 got=-0.0
FAIL: a=ab b=ab op=1 expected=00 got=80
    a=-0.344 b=-0.344 op=1 expected=0.0 got=-0.0
FAIL: a=ac b=2c op=0 expected=00 got=80
    a=-0.375 b=0.375 op=0 expected=0.0 got=-0.0
FAIL: a=ac b=ac op=1 expected=00 got=80
    a=-0.375 b=-0.375 op=1 expected=0.0 got=-0.0
FAIL: a=ad b=2d op=0 expected=00 got=80
    a=-0.406 b=0.406 op=0 expected=0.0 got=-0.0
FAIL: a=ad b=ad op=1 expected=00 got=80
    a=-0.406 b=-0.406 op=1 expected=0.0 got=-0.0
FAIL: a=ae b=2e op=0 expected=00 got=80
    a=-0.438 b=0.438 op=0 expected=0.0 got=-0.0
FAIL: a=ae b=ae op=1 expected=00 got=80
    a=-0.438 b=-0.438 op=1 expected=0.0 got=-0.0
FAIL: a=af b=2f op=0 expected=00 got=80
    a=-0.469 b=0.469 op=0 expected=0.0 got=-0.0
FAIL: a=af b=af op=1 expected=00 got=80
    a=-0.469 b=-0.469 op=1 expected=0.0 got=-0.0
FAIL: a=b0 b=30 op=0 expected=00 got=80
    a=-0.5 b=0.5 op=0 expected=0.0 got=-0.0
FAIL: a=b0 b=b0 op=1 expected=00 got=80
    a=-0.5 b=-0.5 op=1 expected=0.0 got=-0.0
FAIL: a=b1 b=31 op=0 expected=00 got=80
    a=-0.562 b=0.562 op=0 expected=0.0 got=-0.0
FAIL: a=b1 b=b1 op=1 expected=00 got=80
    a=-0.562 b=-0.562 op=1 expected=0.0 got=-0.0
FAIL: a=b2 b=32 op=0 expected=00 got=80
    a=-0.625 b=0.625 op=0 expected=0.0 got=-0.0
FAIL: a=b2 b=b2 op=1 expected=00 got=80
    a=-0.625 b=-0.625 op=1 expected=0.0 got=-0.0
FAIL: a=b3 b=33 op=0 expected=00 got=80
    a=-0.688 b=0.688 op=0 expected=0.0 got=-0.0
FAIL: a=b3 b=b3 op=1 expected=00 got=80
    a=-0.688 b=-0.688 op=1 expected=0.0 got=-0.0
FAIL: a=b4 b=34 op=0 expected=00 got=80
    a=-0.75 b=0.75 op=0 expected=0.0 got=-0.0
FAIL: a=b4 b=b4 op=1 expected=00 got=80
    a=-0.75 b=-0.75 op=1 expected=0.0 got=-0.0
FAIL: a=b5 b=35 op=0 expected=00 got=80
    a=-0.812 b=0.812 op=0 expected=0.0 got=-0.0
FAIL: a=b5 b=b5 op=1 expected=00 got=80
    a=-0.812 b=-0.812 op=1 expected=0.0 got=-0.0
FAIL: a=b6 b=36 op=0 expected=00 got=80
    a=-0.875 b=0.875 op=0 expected=0.0 got=-0.0
FAIL: a=b6 b=b6 op=1 expected=00 got=80
    a=-0.875 b=-0.875 op=1 expected=0.0 got=-0.0
FAIL: a=b7 b=37 op=0 expected=00 got=80
    a=-0.938 b=0.938 op=0 expected=0.0 got=-0.0
FAIL: a=b7 b=b7 op=1 expected=00 got=80
    a=-0.938 b=-0.938 op=1 expected=0.0 got=-0.0
FAIL: a=b8 b=38 op=0 expected=00 got=80
    a=-1.0 b=1.0 op=0 expected=0.0 got=-0.0
FAIL: a=b8 b=b8 op=1 expected=00 got=80
    a=-1.0 b=-1.0 op=1 expected=0.0 got=-0.0
FAIL: a=b9 b=39 op=0 expected=00 got=80
    a=-1.12 b=1.12 op=0 expected=0.0 got=-0.0
FAIL: a=b9 b=b9 op=1 expected=00 got=80
    a=-1.12 b=-1.12 op=1 expected=0.0 got=-0.0
FAIL: a=ba b=3a op=0 expected=00 got=80
    a=-1.25 b=1.25 op=0 expected=0.0 got=-0.0
FAIL: a=ba b=ba op=1 expected=00 got=80
    a=-1.25 b=-1.25 op=1 expected=0.0 got=-0.0
FAIL: a=bb b=3b op=0 expected=00 got=80
    a=-1.38 b=1.38 op=0 expected=0.0 got=-0.0
FAIL: a=bb b=bb op=1 expected=00 got=80
    a=-1.38 b=-1.38 op=1 expected=0.0 got=-0.0
FAIL: a=bc b=3c op=0 expected=00 got=80
    a=-1.5 b=1.5 op=0 expected=0.0 got=-0.0
FAIL: a=bc b=bc op=1 expected=00 got=80
    a=-1.5 b=-1.5 op=1 expected=0.0 got=-0.0
FAIL: a=bd b=3d op=0 expected=00 got=80
    a=-1.62 b=1.62 op=0 expected=0.0 got=-0.0
FAIL: a=bd b=bd op=1 expected=00 got=80
    a=-1.62 b=-1.62 op=1 expected=0.0 got=-0.0
FAIL: a=be b=3e op=0 expected=00 got=80
    a=-1.75 b=1.75 op=0 expected=0.0 got=-0.0
FAIL: a=be b=be op=1 expected=00 got=80
    a=-1.75 b=-1.75 op=1 expected=0.0 got=-0.0
FAIL: a=bf b=3f op=0 expected=00 got=80
    a=-1.88 b=1.88 op=0 expected=0.0 got=-0.0
FAIL: a=bf b=bf op=1 expected=00 got=80
    a=-1.88 b=-1.88 op=1 expected=0.0 got=-0.0
FAIL: a=c0 b=40 op=0 expected=00 got=80
    a=-2.0 b=2.0 op=0 expected=0.0 got=-0.0
FAIL: a=c0 b=c0 op=1 expected=00 got=80
    a=-2.0 b=-2.0 op=1 expected=0.0 got=-0.0
FAIL: a=c1 b=41 op=0 expected=00 got=80
    a=-2.25 b=2.25 op=0 expected=0.0 got=-0.0
FAIL: a=c1 b=c1 op=1 expected=00 got=80
    a=-2.25 b=-2.25 op=1 expected=0.0 got=-0.0
FAIL: a=c2 b=42 op=0 expected=00 got=80
    a=-2.5 b=2.5 op=0 expected=0.0 got=-0.0
FAIL: a=c2 b=c2 op=1 expected=00 got=80
    a=-2.5 b=-2.5 op=1 expected=0.0 got=-0.0
FAIL: a=c3 b=43 op=0 expected=00 got=80
    a=-2.75 b=2.75 op=0 expected=0.0 got=-0.0
FAIL: a=c3 b=c3 op=1 expected=00 got=80
    a=-2.75 b=-2.75 op=1 expected=0.0 got=-0.0
FAIL: a=c4 b=44 op=0 expected=00 got=80
    a=-3.0 b=3.0 op=0 expected=0.0 got=-0.0
FAIL: a=c4 b=c4 op=1 expected=00 got=80
    a=-3.0 b=-3.0 op=1 expected=0.0 got=-0.0
FAIL: a=c5 b=45 op=0 expected=00 got=80
    a=-3.25 b=3.25 op=0 expected=0.0 got=-0.0
FAIL: a=c5 b=c5 op=1 expected=00 got=80
    a=-3.25 b=-3.25 op=1 expected=0.0 got=-0.0
FAIL: a=c6 b=46 op=0 expected=00 got=80
    a=-3.5 b=3.5 op=0 expected=0.0 got=-0.0
FAIL: a=c6 b=c6 op=1 expected=00 got=80
    a=-3.5 b=-3.5 op=1 expected=0.0 got=-0.0
FAIL: a=c7 b=47 op=0 expected=00 got=80
    a=-3.75 b=3.75 op=0 expected=0.0 got=-0.0
FAIL: a=c7 b=c7 op=1 expected=00 got=80
    a=-3.75 b=-3.75 op=1 expected=0.0 got=-0.0
FAIL: a=c8 b=48 op=0 expected=00 got=80
    a=-4.0 b=4.0 op=0 expected=0.0 got=-0.0
FAIL: a=c8 b=c8 op=1 expected=00 got=80
    a=-4.0 b=-4.0 op=1 expected=0.0 got=-0.0
FAIL: a=c9 b=49 op=0 expected=00 got=80
    a=-4.5 b=4.5 op=0 expected=0.0 got=-0.0
FAIL: a=c9 b=c9 op=1 expected=00 got=80
    a=-4.5 b=-4.5 op=1 expected=0.0 got=-0.0
FAIL: a=ca b=4a op=0 expected=00 got=80
    a=-5.0 b=5.0 op=0 expected=0.0 got=-0.0
FAIL: a=ca b=ca op=1 expected=00 got=80
    a=-5.0 b=-5.0 op=1 expected=0.0 got=-0.0
FAIL: a=cb b=4b op=0 expected=00 got=80
    a=-5.5 b=5.5 op=0 expected=0.0 got=-0.0
FAIL: a=cb b=cb op=1 expected=00 got=80
    a=-5.5 b=-5.5 op=1 expected=0.0 got=-0.0
FAIL: a=cc b=4c op=0 expected=00 got=80
    a=-6.0 b=6.0 op=0 expected=0.0 got=-0.0
FAIL: a=cc b=cc op=1 expected=00 got=80
    a=-6.0 b=-6.0 op=1 expected=0.0 got=-0.0
FAIL: a=cd b=4d op=0 expected=00 got=80
    a=-6.5 b=6.5 op=0 expected=0.0 got=-0.0
FAIL: a=cd b=cd op=1 expected=00 got=80
    a=-6.5 b=-6.5 op=1 expected=0.0 got=-0.0
FAIL: a=ce b=4e op=0 expected=00 got=80
    a=-7.0 b=7.0 op=0 expected=0.0 got=-0.0
FAIL: a=ce b=ce op=1 expected=00 got=80
    a=-7.0 b=-7.0 op=1 expected=0.0 got=-0.0
FAIL: a=cf b=4f op=0 expected=00 got=80
    a=-7.5 b=7.5 op=0 expected=0.0 got=-0.0
FAIL: a=cf b=cf op=1 expected=00 got=80
    a=-7.5 b=-7.5 op=1 expected=0.0 got=-0.0
FAIL: a=d0 b=50 op=0 expected=00 got=80
    a=-8.0 b=8.0 op=0 expected=0.0 got=-0.0
FAIL: a=d0 b=d0 op=1 expected=00 got=80
    a=-8.0 b=-8.0 op=1 expected=0.0 got=-0.0
FAIL: a=d1 b=51 op=0 expected=00 got=80
    a=-9.0 b=9.0 op=0 expected=0.0 got=-0.0
FAIL: a=d1 b=d1 op=1 expected=00 got=80
    a=-9.0 b=-9.0 op=1 expected=0.0 got=-0.0
FAIL: a=d2 b=52 op=0 expected=00 got=80
    a=-10.0 b=10.0 op=0 expected=0.0 got=-0.0
FAIL: a=d2 b=d2 op=1 expected=00 got=80
    a=-10.0 b=-10.0 op=1 expected=0.0 got=-0.0
FAIL: a=d3 b=53 op=0 expected=00 got=80
    a=-11.0 b=11.0 op=0 expected=0.0 got=-0.0
FAIL: a=d3 b=d3 op=1 expected=00 got=80
    a=-11.0 b=-11.0 op=1 expected=0.0 got=-0.0
FAIL: a=d4 b=54 op=0 expected=00 got=80
    a=-12.0 b=12.0 op=0 expected=0.0 got=-0.0
FAIL: a=d4 b=d4 op=1 expected=00 got=80
    a=-12.0 b=-12.0 op=1 expected=0.0 got=-0.0
FAIL: a=d5 b=55 op=0 expected=00 got=80
    a=-13.0 b=13.0 op=0 expected=0.0 got=-0.0
FAIL: a=d5 b=d5 op=1 expected=00 got=80
    a=-13.0 b=-13.0 op=1 expected=0.0 got=-0.0
FAIL: a=d6 b=56 op=0 expected=00 got=80
    a=-14.0 b=14.0 op=0 expected=0.0 got=-0.0
FAIL: a=d6 b=d6 op=1 expected=00 got=80
    a=-14.0 b=-14.0 op=1 expected=0.0 got=-0.0
FAIL: a=d7 b=57 op=0 expected=00 got=80
    a=-15.0 b=15.0 op=0 expected=0.0 got=-0.0
FAIL: a=d7 b=d7 op=1 expected=00 got=80
    a=-15.0 b=-15.0 op=1 expected=0.0 got=-0.0
FAIL: a=d8 b=58 op=0 expected=00 got=80
    a=-16.0 b=16.0 op=0 expected=0.0 got=-0.0
FAIL: a=d8 b=d8 op=1 expected=00 got=80
    a=-16.0 b=-16.0 op=1 expected=0.0 got=-0.0
FAIL: a=d9 b=59 op=0 expected=00 got=80
    a=-18.0 b=18.0 op=0 expected=0.0 got=-0.0
FAIL: a=d9 b=d9 op=1 expected=00 got=80
    a=-18.0 b=-18.0 op=1 expected=0.0 got=-0.0
FAIL: a=da b=5a op=0 expected=00 got=80
    a=-20.0 b=20.0 op=0 expected=0.0 got=-0.0
FAIL: a=da b=da op=1 expected=00 got=80
    a=-20.0 b=-20.0 op=1 expected=0.0 got=-0.0
FAIL: a=db b=5b op=0 expected=00 got=80
    a=-22.0 b=22.0 op=0 expected=0.0 got=-0.0
FAIL: a=db b=db op=1 expected=00 got=80
    a=-22.0 b=-22.0 op=1 expected=0.0 got=-0.0
FAIL: a=dc b=5c op=0 expected=00 got=80
    a=-24.0 b=24.0 op=0 expected=0.0 got=-0.0
FAIL: a=dc b=dc op=1 expected=00 got=80
    a=-24.0 b=-24.0 op=1 expected=0.0 got=-0.0
FAIL: a=dd b=5d op=0 expected=00 got=80
    a=-26.0 b=26.0 op=0 expected=0.0 got=-0.0
FAIL: a=dd b=dd op=1 expected=00 got=80
    a=-26.0 b=-26.0 op=1 expected=0.0 got=-0.0
FAIL: a=de b=5e op=0 expected=00 got=80
    a=-28.0 b=28.0 op=0 expected=0.0 got=-0.0
FAIL: a=de b=de op=1 expected=00 got=80
    a=-28.0 b=-28.0 op=1 expected=0.0 got=-0.0
FAIL: a=df b=5f op=0 expected=00 got=80
    a=-30.0 b=30.0 op=0 expected=0.0 got=-0.0
FAIL: a=df b=df op=1 expected=00 got=80
    a=-30.0 b=-30.0 op=1 expected=0.0 got=-0.0
FAIL: a=e0 b=60 op=0 expected=00 got=80
    a=-32.0 b=32.0 op=0 expected=0.0 got=-0.0
FAIL: a=e0 b=e0 op=1 expected=00 got=80
    a=-32.0 b=-32.0 op=1 expected=0.0 got=-0.0
FAIL: a=e1 b=61 op=0 expected=00 got=80
    a=-36.0 b=36.0 op=0 expected=0.0 got=-0.0
FAIL: a=e1 b=e1 op=1 expected=00 got=80
    a=-36.0 b=-36.0 op=1 expected=0.0 got=-0.0
FAIL: a=e2 b=62 op=0 expected=00 got=80
    a=-40.0 b=40.0 op=0 expected=0.0 got=-0.0
FAIL: a=e2 b=e2 op=1 expected=00 got=80
    a=-40.0 b=-40.0 op=1 expected=0.0 got=-0.0
FAIL: a=e3 b=63 op=0 expected=00 got=80
    a=-44.0 b=44.0 op=0 expected=0.0 got=-0.0
FAIL: a=e3 b=e3 op=1 expected=00 got=80
    a=-44.0 b=-44.0 op=1 expected=0.0 got=-0.0
FAIL: a=e4 b=64 op=0 expected=00 got=80
    a=-48.0 b=48.0 op=0 expected=0.0 got=-0.0
FAIL: a=e4 b=e4 op=1 expected=00 got=80
    a=-48.0 b=-48.0 op=1 expected=0.0 got=-0.0
FAIL: a=e5 b=65 op=0 expected=00 got=80
    a=-52.0 b=52.0 op=0 expected=0.0 got=-0.0
FAIL: a=e5 b=e5 op=1 expected=00 got=80
    a=-52.0 b=-52.0 op=1 expected=0.0 got=-0.0
FAIL: a=e6 b=66 op=0 expected=00 got=80
    a=-56.0 b=56.0 op=0 expected=0.0 got=-0.0
FAIL: a=e6 b=e6 op=1 expected=00 got=80
    a=-56.0 b=-56.0 op=1 expected=0.0 got=-0.0
FAIL: a=e7 b=67 op=0 expected=00 got=80
    a=-60.0 b=60.0 op=0 expected=0.0 got=-0.0
FAIL: a=e7 b=e7 op=1 expected=00 got=80
    a=-60.0 b=-60.0 op=1 expected=0.0 got=-0.0
FAIL: a=e8 b=68 op=0 expected=00 got=80
    a=-64.0 b=64.0 op=0 expected=0.0 got=-0.0
FAIL: a=e8 b=e8 op=1 expected=00 got=80
    a=-64.0 b=-64.0 op=1 expected=0.0 got=-0.0
FAIL: a=e9 b=69 op=0 expected=00 got=80
    a=-72.0 b=72.0 op=0 expected=0.0 got=-0.0
FAIL: a=e9 b=e9 op=1 expected=00 got=80
    a=-72.0 b=-72.0 op=1 expected=0.0 got=-0.0
FAIL: a=ea b=6a op=0 expected=00 got=80
    a=-80.0 b=80.0 op=0 expected=0.0 got=-0.0
FAIL: a=ea b=ea op=1 expected=00 got=80
    a=-80.0 b=-80.0 op=1 expected=0.0 got=-0.0
FAIL: a=eb b=6b op=0 expected=00 got=80
    a=-88.0 b=88.0 op=0 expected=0.0 got=-0.0
FAIL: a=eb b=eb op=1 expected=00 got=80
    a=-88.0 b=-88.0 op=1 expected=0.0 got=-0.0
FAIL: a=ec b=6c op=0 expected=00 got=80
    a=-96.0 b=96.0 op=0 expected=0.0 got=-0.0
FAIL: a=ec b=ec op=1 expected=00 got=80
    a=-96.0 b=-96.0 op=1 expected=0.0 got=-0.0
FAIL: a=ed b=6d op=0 expected=00 got=80
    a=-104.0 b=104.0 op=0 expected=0.0 got=-0.0
FAIL: a=ed b=ed op=1 expected=00 got=80
    a=-104.0 b=-104.0 op=1 expected=0.0 got=-0.0
FAIL: a=ee b=6e op=0 expected=00 got=80
    a=-112.0 b=112.0 op=0 expected=0.0 got=-0.0
FAIL: a=ee b=ee op=1 expected=00 got=80
    a=-112.0 b=-112.0 op=1 expected=0.0 got=-0.0
FAIL: a=ef b=6f op=0 expected=00 got=80
    a=-120.0 b=120.0 op=0 expected=0.0 got=-0.0
FAIL: a=ef b=ef op=1 expected=00 got=80
    a=-120.0 b=-120.0 op=1 expected=0.0 got=-0.0
FAIL: a=f0 b=70 op=0 expected=00 got=80
    a=-128.0 b=128.0 op=0 expected=0.0 got=-0.0
FAIL: a=f0 b=f0 op=1 expected=00 got=80
    a=-128.0 b=-128.0 op=1 expected=0.0 got=-0.0
FAIL: a=f1 b=71 op=0 expected=00 got=80
    a=-144.0 b=144.0 op=0 expected=0.0 got=-0.0
FAIL: a=f1 b=f1 op=1 expected=00 got=80
    a=-144.0 b=-144.0 op=1 expected=0.0 got=-0.0
FAIL: a=f2 b=72 op=0 expected=00 got=80
    a=-160.0 b=160.0 op=0 expected=0.0 got=-0.0
FAIL: a=f2 b=f2 op=1 expected=00 got=80
    a=-160.0 b=-160.0 op=1 expected=0.0 got=-0.0
FAIL: a=f3 b=73 op=0 expected=00 got=80
    a=-176.0 b=176.0 op=0 expected=0.0 got=-0.0
FAIL: a=f3 b=f3 op=1 expected=00 got=80
    a=-176.0 b=-176.0 op=1 expected=0.0 got=-0.0
FAIL: a=f4 b=74 op=0 expected=00 got=80
    a=-192.0 b=192.0 op=0 expected=0.0 got=-0.0
FAIL: a=f4 b=f4 op=1 expected=00 got=80
    a=-192.0 b=-192.0 op=1 expected=0.0 got=-0.0
FAIL: a=f5 b=75 op=0 expected=00 got=80
    a=-208.0 b=208.0 op=0 expected=0.0 got=-0.0
FAIL: a=f5 b=f5 op=1 expected=00 got=80
    a=-208.0 b=-208.0 op=1 expected=0.0 got=-0.0
FAIL: a=f6 b=76 op=0 expected=00 got=80
    a=-224.0 b=224.0 op=0 expected=0.0 got=-0.0
FAIL: a=f6 b=f6 op=1 expected=00 got=80
    a=-224.0 b=-224.0 op=1 expected=0.0 got=-0.0
FAIL: a=f7 b=77 op=0 expected=00 got=80
    a=-240.0 b=240.0 op=0 expected=0.0 got=-0.0
FAIL: a=f7 b=f7 op=1 expected=00 got=80
    a=-240.0 b=-240.0 op=1 expected=0.0 got=-0.0
