gmp_golden_sweep: lm=23 le=8
mode: sampled (200000 vectors, seed=0)
vectors run: 200000
failures: 785
------------------------------------------------------------
FAIL: a=8c6e9037 b=ffda0336 op=1 expected=7fc00000 got=7f800000
    a=-1.83782511e-31 b=nan op=1 expected=nan got=inf
FAIL: a=ffc573d5 b=42cb6d1d op=1 expected=7fc00000 got=ff800000
    a=nan b=101.713112 op=1 expected=nan got=-inf
FAIL: a=ffeb5d5f b=453432cd op=1 expected=7fc00000 got=ff800000
    a=nan b=2883.17505 op=1 expected=nan got=-inf
FAIL: a=fff83cec b=261cec19 op=0 expected=7fc00000 got=ff800000
    a=nan b=5.44433444e-16 op=0 expected=nan got=-inf
FAIL: a=568d6f3e b=7fd2770a op=0 expected=7fc00000 got=7f800000
    a=7.77544605e+13 b=nan op=0 expected=nan got=inf
FAIL: a=f94d9109 b=fff99f34 op=1 expected=7fc00000 got=7f800000
    a=-6.67101574e+34 b=nan op=1 expected=nan got=inf
FAIL: a=3f1cd31b b=7ff5101d op=0 expected=7fc00000 got=7f800000
    a=0.612596214 b=nan op=0 expected=nan got=inf
FAIL: a=ffdb8ef3 b=71da0538 op=1 expected=7fc00000 got=ff800000
    a=nan b=2.15916932e+30 op=1 expected=nan got=-inf
FAIL: a=7ffc4eea b=eff2091a op=1 expected=7fc00000 got=7f800000
    a=nan b=-1.49812751e+29 op=1 expected=nan got=inf
FAIL: a=2ce42e41 b=7fdf2229 op=0 expected=7fc00000 got=7f800000
    a=6.48528497e-12 b=nan op=0 expected=nan got=inf
FAIL: a=7fe88e46 b=bda2d21f op=0 expected=7fc00000 got=7f800000
    a=nan b=-0.0795023367 op=0 expected=nan got=inf
FAIL: a=fb1fa28c b=7fcdb0ad op=1 expected=7fc00000 got=ff800000
    a=-8.28872043e+35 b=nan op=1 expected=nan got=-inf
FAIL: a=7feb1681 b=d0264783 op=1 expected=7fc00000 got=7f800000
    a=nan b=-1.11588178e+10 op=1 expected=nan got=inf
FAIL: a=0e011113 b=fff4f1fe op=0 expected=7fc00000 got=ff800000
    a=1.59086986e-30 b=nan op=0 expected=nan got=-inf
FAIL: a=a687be4a b=ffdedc97 op=1 expected=7fc00000 got=7f800000
    a=-9.41908472e-16 b=nan op=1 expected=nan got=inf
FAIL: a=7fe5c73f b=5662d87b op=1 expected=7fc00000 got=7f800000
    a=nan b=6.23548511e+13 op=1 expected=nan got=inf
FAIL: a=8e13c327 b=7fec7d97 op=1 expected=7fc00000 got=ff800000
    a=-1.82131114e-30 b=nan op=1 expected=nan got=-inf
FAIL: a=ffcb2aa3 b=6ec59896 op=1 expected=7fc00000 got=ff800000
    a=nan b=3.0576506e+28 op=1 expected=nan got=-inf
FAIL: a=7ffd5e75 b=63f7bd7a op=0 expected=7fc00000 got=7f800000
    a=nan b=9.13999802e+21 op=0 expected=nan got=inf
FAIL: a=a5a4f863 b=ffcc5f07 op=1 expected=7fc00000 got=7f800000
    a=-2.86177784e-16 b=nan op=1 expected=nan got=inf
FAIL: a=8a2de86e b=7fc8c2e7 op=1 expected=7fc00000 got=ff800000
    a=-8.37336218e-33 b=nan op=1 expected=nan got=-inf
FAIL: a=7ffef01f b=ec04830d op=1 expected=7fc00000 got=7f800000
    a=nan b=-6.40788312e+26 op=1 expected=nan got=inf
FAIL: a=7ffee1f0 b=691712fc op=0 expected=7fc00000 got=7f800000
    a=nan b=1.14148406e+25 op=0 expected=nan got=inf
FAIL: a=ba79395d b=fff93376 op=1 expected=7fc00000 got=7f800000
    a=-0.000950714399 b=nan op=1 expected=nan got=inf
FAIL: a=276a0556 b=ffd45cff op=0 expected=7fc00000 got=ff800000
    a=3.24769161e-15 b=nan op=0 expected=nan got=-inf
FAIL: a=7fc46c69 b=bbc6f8b7 op=1 expected=7fc00000 got=7f800000
    a=nan b=-0.00607212959 op=1 expected=nan got=inf
FAIL: a=ffc79d41 b=656b6d12 op=0 expected=7fc00000 got=ff800000
    a=nan b=6.94855072e+22 op=0 expected=nan got=-inf
FAIL: a=5b494da7 b=ffd0d7be op=1 expected=7fc00000 got=7f800000
    a=5.666185e+16 b=nan op=1 expected=nan got=inf
FAIL: a=793aec38 b=ffeec845 op=1 expected=7fc00000 got=7f800000
    a=6.06598938e+34 b=nan op=1 expected=nan got=inf
FAIL: a=ffed71e5 b=2295a871 op=0 expected=7fc00000 got=ff800000
    a=nan b=4.05648752e-18 op=0 expected=nan got=-inf
FAIL: a=ffc17943 b=da3ad43d op=1 expected=7fc00000 got=ff800000
    a=nan b=-1.3146926e+16 op=1 expected=nan got=-inf
FAIL: a=7ff8d12f b=acecb850 op=0 expected=7fc00000 got=7f800000
    a=nan b=-6.72798622e-12 op=0 expected=nan got=inf
FAIL: a=7fee4222 b=7dcd07ad op=1 expected=7fc00000 got=7f800000
    a=nan b=3.40664493e+37 op=1 expected=nan got=inf
FAIL: a=7fd141e5 b=2c040f51 op=0 expected=7fc00000 got=7f800000
    a=nan b=1.87668305e-12 op=0 expected=nan got=inf
FAIL: a=013bd0f1 b=ffcb551a op=1 expected=7fc00000 got=7f800000
    a=3.44963837e-38 b=nan op=1 expected=nan got=inf
FAIL: a=42f123e6 b=ffe0826c op=0 expected=7fc00000 got=ff800000
    a=120.570114 b=nan op=0 expected=nan got=-inf
FAIL: a=bb4be51f b=ffdbf61f op=1 expected=7fc00000 got=7f800000
    a=-0.00311119086 b=nan op=1 expected=nan got=inf
FAIL: a=7ff2fd90 b=f7ebf8cd op=0 expected=7fc00000 got=7f800000
    a=nan b=-9.57215657e+33 op=0 expected=nan got=inf
FAIL: a=cb8c2f3f b=ffe6f59c op=0 expected=7fc00000 got=ff800000
    a=-18374270.0 b=nan op=0 expected=nan got=-inf
FAIL: a=7ffaf863 b=895df833 op=0 expected=7fc00000 got=7f800000
    a=nan b=-2.67186101e-33 op=0 expected=nan got=inf
FAIL: a=b850d5e0 b=7fdb1798 op=1 expected=7fc00000 got=ff800000
    a=-4.97902511e-05 b=nan op=1 expected=nan got=-inf
FAIL: a=a396599a b=ffe1a041 op=1 expected=7fc00000 got=7f800000
    a=-1.63009803e-17 b=nan op=1 expected=nan got=inf
FAIL: a=7fe32033 b=41edbaa7 op=0 expected=7fc00000 got=7f800000
    a=nan b=29.7161388 op=0 expected=nan got=inf
FAIL: a=345e5489 b=ffcb2f04 op=0 expected=7fc00000 got=ff800000
    a=2.07061149e-07 b=nan op=0 expected=nan got=-inf
FAIL: a=1bf93bcb b=fff9ae30 op=1 expected=7fc00000 got=7f800000
    a=4.12322348e-22 b=nan op=1 expected=nan got=inf
FAIL: a=c78dc24d b=7fc7d512 op=1 expected=7fc00000 got=ff800000
    a=-72580.6016 b=nan op=1 expected=nan got=-inf
FAIL: a=56d3a243 b=7febb278 op=1 expected=7fc00000 got=ff800000
    a=1.16346931e+14 b=nan op=1 expected=nan got=-inf
FAIL: a=333a070a b=ffee86ae op=1 expected=7fc00000 got=7f800000
    a=4.33129017e-08 b=nan op=1 expected=nan got=inf
FAIL: a=40158586 b=7fdf5feb op=0 expected=7fc00000 got=7f800000
    a=2.33627462 b=nan op=0 expected=nan got=inf
FAIL: a=dadbb925 b=7fd27490 op=1 expected=7fc00000 got=ff800000
    a=-3.09232942e+16 b=nan op=1 expected=nan got=-inf
FAIL: a=7fdaacfb b=dbff1326 op=1 expected=7fc00000 got=7f800000
    a=nan b=-1.43594346e+17 op=1 expected=nan got=inf
FAIL: a=a7923403 b=fff4a961 op=0 expected=7fc00000 got=ff800000
    a=-4.05795316e-15 b=nan op=0 expected=nan got=-inf
FAIL: a=fff4d9e8 b=608c3044 op=1 expected=7fc00000 got=ff800000
    a=nan b=8.08131898e+19 op=1 expected=nan got=-inf
FAIL: a=74f1934a b=fffe1ca0 op=1 expected=7fc00000 got=7f800000
    a=1.53116567e+32 b=nan op=1 expected=nan got=inf
FAIL: a=7fe8d7df b=6f31ba81 op=1 expected=7fc00000 got=7f800000
    a=nan b=5.50043161e+28 op=1 expected=nan got=inf
FAIL: a=ffdc1971 b=b1171b47 op=0 expected=7fc00000 got=ff800000
    a=nan b=-2.19888974e-09 op=0 expected=nan got=-inf
FAIL: a=d6d273ff b=ffe39a69 op=1 expected=7fc00000 got=7f800000
    a=-1.15697821e+14 b=nan op=1 expected=nan got=inf
FAIL: a=fff13f3a b=00cba394 op=0 expected=7fc00000 got=ff800000
    a=nan b=1.87012865e-38 op=0 expected=nan got=-inf
FAIL: a=fff90f02 b=d8b03904 op=0 expected=7fc00000 got=ff800000
    a=nan b=-1.55007141e+15 op=0 expected=nan got=-inf
FAIL: a=7ffc3128 b=db7df0c9 op=1 expected=7fc00000 got=7f800000
    a=nan b=-7.14779152e+16 op=1 expected=nan got=inf
FAIL: a=6fcc54c4 b=7fc84837 op=0 expected=7fc00000 got=7f800000
    a=1.26474835e+29 b=nan op=0 expected=nan got=inf
FAIL: a=ffd4801b b=6676f78d op=1 expected=7fc00000 got=ff800000
    a=nan b=2.91567165e+23 op=1 expected=nan got=-inf
FAIL: a=7fca63b6 b=fae10097 op=1 expected=7fc00000 got=7f800000
    a=nan b=-5.84139378e+35 op=1 expected=nan got=inf
FAIL: a=ffe7d27f b=759c1c69 op=0 expected=7fc00000 got=ff800000
    a=nan b=3.95788348e+32 op=0 expected=nan got=-inf
FAIL: a=d9886c3e b=7fd8f601 op=1 expected=7fc00000 got=ff800000
    a=-4.7999513e+15 b=nan op=1 expected=nan got=-inf
FAIL: a=7fd6959c b=f8ce63c6 op=0 expected=7fc00000 got=7f800000
    a=nan b=-3.348865e+34 op=0 expected=nan got=inf
FAIL: a=05d362f0 b=7fe4bb2a op=0 expected=7fc00000 got=7f800000
    a=1.98786885e-35 b=nan op=0 expected=nan got=inf
FAIL: a=36df0e47 b=ffdd764d op=1 expected=7fc00000 got=7f800000
    a=6.64757999e-06 b=nan op=1 expected=nan got=inf
FAIL: a=bd1faab3 b=ffe92b6a op=1 expected=7fc00000 got=7f800000
    a=-0.0389811508 b=nan op=1 expected=nan got=inf
FAIL: a=c4d58f8d b=7fe77d64 op=0 expected=7fc00000 got=7f800000
    a=-1708.48596 b=nan op=0 expected=nan got=inf
FAIL: a=bfaa4229 b=7fc13080 op=0 expected=7fc00000 got=7f800000
    a=-1.33014405 b=nan op=0 expected=nan got=inf
FAIL: a=7fd944b1 b=ffc5189e op=1 expected=7fc00000 got=004f2ea8
    a=nan b=nan op=1 expected=nan got=7.27174131e-39
FAIL: a=ffd1d338 b=4b5c3b34 op=0 expected=7fc00000 got=ff800000
    a=nan b=14433076.0 op=0 expected=nan got=-inf
FAIL: a=7fccb353 b=6530d226 op=0 expected=7fc00000 got=7f800000
    a=nan b=5.2188316e+22 op=0 expected=nan got=inf
FAIL: a=2c8778ce b=ffd89ed8 op=1 expected=7fc00000 got=7f800000
    a=3.85034279e-12 b=nan op=1 expected=nan got=inf
FAIL: a=ffc53b3b b=0d9c44f1 op=1 expected=7fc00000 got=ff800000
    a=nan b=9.63083932e-31 op=1 expected=nan got=-inf
FAIL: a=ffd397c0 b=3357aee7 op=1 expected=7fc00000 got=ff800000
    a=nan b=5.02176611e-08 op=1 expected=nan got=-inf
FAIL: a=0272e367 b=7ff73899 op=1 expected=7fc00000 got=ff800000
    a=1.78446133e-37 b=nan op=1 expected=nan got=-inf
FAIL: a=fff3352f b=b17afa7a op=1 expected=7fc00000 got=ff800000
    a=nan b=-3.65221675e-09 op=1 expected=nan got=-inf
FAIL: a=ffe5aec8 b=73788703 op=1 expected=7fc00000 got=ff800000
    a=nan b=1.96903684e+31 op=1 expected=nan got=-inf
FAIL: a=64c44881 b=7fc6dc36 op=0 expected=7fc00000 got=7f800000
    a=2.89662904e+22 b=nan op=0 expected=nan got=inf
FAIL: a=fffa3ed1 b=bf369c6c op=1 expected=7fc00000 got=ff800000
    a=nan b=-0.713324308 op=1 expected=nan got=-inf
FAIL: a=7ff0da8e b=85ee9161 op=1 expected=7fc00000 got=7f800000
    a=nan b=-2.24348162e-35 op=1 expected=nan got=inf
FAIL: a=7ff316d2 b=f2706d28 op=0 expected=7fc00000 got=7f800000
    a=nan b=-4.76213531e+30 op=0 expected=nan got=inf
FAIL: a=11f8db30 b=7feb97fd op=0 expected=7fc00000 got=7f800000
    a=3.92625856e-28 b=nan op=0 expected=nan got=inf
FAIL: a=ffea4200 b=48614ea9 op=0 expected=7fc00000 got=ff800000
    a=nan b=230714.641 op=0 expected=nan got=-inf
FAIL: a=44893bc2 b=7fc79204 op=0 expected=7fc00000 got=7f800000
    a=1097.86743 b=nan op=0 expected=nan got=inf
FAIL: a=dcbdb0d0 b=ffcf3d40 op=1 expected=7fc00000 got=7f800000
    a=-4.27145424e+17 b=nan op=1 expected=nan got=inf
FAIL: a=fffb1ac3 b=32252f27 op=1 expected=7fc00000 got=ff800000
    a=nan b=9.61498525e-09 op=1 expected=nan got=-inf
FAIL: a=7fe2eaeb b=f7921277 op=1 expected=7fc00000 got=7f800000
    a=nan b=-5.92538948e+33 op=1 expected=nan got=inf
FAIL: a=1465dc2d b=ffc04499 op=1 expected=7fc00000 got=7f800000
    a=1.16049674e-26 b=nan op=1 expected=nan got=inf
FAIL: a=7fd46066 b=9fc75f53 op=1 expected=7fc00000 got=7f800000
    a=nan b=-8.44374789e-20 op=1 expected=nan got=inf
FAIL: a=ffe264d2 b=e4cd5fb7 op=1 expected=7fc00000 got=ff800000
    a=nan b=-3.03078361e+22 op=1 expected=nan got=-inf
FAIL: a=7fdcf2d8 b=ee688bcc op=0 expected=7fc00000 got=7f800000
    a=nan b=-1.79923816e+28 op=0 expected=nan got=inf
FAIL: a=7fe430cc b=0fe04e62 op=0 expected=7fc00000 got=7f800000
    a=nan b=2.21182973e-29 op=0 expected=nan got=inf
FAIL: a=0d46eb81 b=ffdf502b op=1 expected=7fc00000 got=7f800000
    a=6.12969382e-31 b=nan op=1 expected=nan got=inf
FAIL: a=7fe70346 b=bc92698c op=0 expected=7fc00000 got=7f800000
    a=nan b=-0.0178725943 op=0 expected=nan got=inf
FAIL: a=ffe2b9f7 b=b0e686bf op=1 expected=7fc00000 got=ff800000
    a=nan b=-1.67729997e-09 op=1 expected=nan got=-inf
FAIL: a=203bc205 b=ffe6167a op=1 expected=7fc00000 got=7f800000
    a=1.59037118e-19 b=nan op=1 expected=nan got=inf
FAIL: a=924b035f b=ffda322e op=0 expected=7fc00000 got=ff800000
    a=-6.40596607e-28 b=nan op=0 expected=nan got=-inf
FAIL: a=7fe7c7b4 b=7168b8f0 op=1 expected=7fc00000 got=7f800000
    a=nan b=1.15238557e+30 op=1 expected=nan got=inf
FAIL: a=7abd05e6 b=ffff313e op=1 expected=7fc00000 got=7f800000
    a=4.9073187e+35 b=nan op=1 expected=nan got=inf
FAIL: a=d9ecf159 b=7fd0a54b op=0 expected=7fc00000 got=7f800000
    a=-8.33668238e+15 b=nan op=0 expected=nan got=inf
FAIL: a=926543ed b=fffabf21 op=0 expected=7fc00000 got=ff800000
    a=-7.23433839e-28 b=nan op=0 expected=nan got=-inf
FAIL: a=2e820a42 b=7fca2b30 op=1 expected=7fc00000 got=ff800000
    a=5.91353772e-11 b=nan op=1 expected=nan got=-inf
FAIL: a=0b7f1c55 b=ffe25edc op=1 expected=7fc00000 got=7f800000
    a=4.91325282e-32 b=nan op=1 expected=nan got=inf
FAIL: a=7ff7f4ac b=4585b68e op=1 expected=7fc00000 got=7f800000
    a=nan b=4278.81934 op=1 expected=nan got=inf
FAIL: a=64cca6b2 b=7fcc65a5 op=0 expected=7fc00000 got=7f800000
    a=3.02011796e+22 b=nan op=0 expected=nan got=inf
FAIL: a=ab9269ce b=7ffd764a op=1 expected=7fc00000 got=ff800000
    a=-1.04032906e-12 b=nan op=1 expected=nan got=-inf
FAIL: a=a22fc477 b=ffe6fb0b op=1 expected=7fc00000 got=7f800000
    a=-2.38209301e-18 b=nan op=1 expected=nan got=inf
FAIL: a=bbd591ea b=7ff4643d op=1 expected=7fc00000 got=ff800000
    a=-0.00651763845 b=nan op=1 expected=nan got=-inf
FAIL: a=b08a4661 b=fff68382 op=1 expected=7fc00000 got=7f800000
    a=-1.00608244e-09 b=nan op=1 expected=nan got=inf
FAIL: a=37a2d147 b=7fe2a66f op=0 expected=7fc00000 got=7f800000
    a=1.94093573e-05 b=nan op=0 expected=nan got=inf
FAIL: a=eaba322c b=fff05f21 op=1 expected=7fc00000 got=7f800000
    a=-1.12548566e+26 b=nan op=1 expected=nan got=inf
FAIL: a=7fcb1358 b=97e07a76 op=1 expected=7fc00000 got=7f800000
    a=nan b=-1.45065742e-24 op=1 expected=nan got=inf
FAIL: a=cf7488e6 b=7fd00163 op=0 expected=7fc00000 got=7f800000
    a=-4.10261248e+09 b=nan op=0 expected=nan got=inf
FAIL: a=47c8d86d b=7ff5afe8 op=0 expected=7fc00000 got=7f800000
    a=102832.852 b=nan op=0 expected=nan got=inf
FAIL: a=7ff47ce9 b=6b8f7ecd op=1 expected=7fc00000 got=7f800000
    a=nan b=3.46950384e+26 op=1 expected=nan got=inf
FAIL: a=7ff2d71e b=b65a77a0 op=1 expected=7fc00000 got=7f800000
    a=nan b=-3.25541623e-06 op=1 expected=nan got=inf
FAIL: a=8289c6a5 b=ffcdec0c op=1 expected=7fc00000 got=7f800000
    a=-2.02443571e-37 b=nan op=1 expected=nan got=inf
FAIL: a=bc7b82c1 b=ffd26bd0 op=0 expected=7fc00000 got=ff800000
    a=-0.0153509984 b=nan op=0 expected=nan got=-inf
FAIL: a=631bd360 b=7ff9cbbd op=1 expected=7fc00000 got=ff800000
    a=2.87447651e+21 b=nan op=1 expected=nan got=-inf
FAIL: a=ffcc58e6 b=c441482d op=1 expected=7fc00000 got=ff800000
    a=nan b=-773.127747 op=1 expected=nan got=-inf
FAIL: a=c9b0a6ef b=ffd731c1 op=0 expected=7fc00000 got=ff800000
    a=-1447133.88 b=nan op=0 expected=nan got=-inf
FAIL: a=f0e0414e b=7fcc63d6 op=1 expected=7fc00000 got=ff800000
    a=-5.55228726e+29 b=nan op=1 expected=nan got=-inf
FAIL: a=efdc7d60 b=7fe9fe5e op=0 expected=7fc00000 got=7f800000
    a=-1.36476542e+29 b=nan op=0 expected=nan got=inf
FAIL: a=b2ad3a82 b=7fcd0412 op=1 expected=7fc00000 got=ff800000
    a=-2.01664569e-08 b=nan op=1 expected=nan got=-inf
FAIL: a=135cbaf4 b=7fd15fbf op=0 expected=7fc00000 got=7f800000
    a=2.78600789e-27 b=nan op=0 expected=nan got=inf
FAIL: a=a8fbcdae b=7fd59445 op=0 expected=7fc00000 got=7f800000
    a=-2.79557973e-14 b=nan op=0 expected=nan got=inf
FAIL: a=915453bb b=ffd99c15 op=0 expected=7fc00000 got=ff800000
    a=-1.67496526e-28 b=nan op=0 expected=nan got=-inf
FAIL: a=4f288572 b=fff35aa9 op=0 expected=7fc00000 got=ff800000
    a=2.82731776e+09 b=nan op=0 expected=nan got=-inf
FAIL: a=df43718b b=7feae50c op=1 expected=7fc00000 got=ff800000
    a=-1.40831903e+19 b=nan op=1 expected=nan got=-inf
FAIL: a=ffc8c644 b=6c2dd6f6 op=1 expected=7fc00000 got=ff800000
    a=nan b=8.40637164e+26 op=1 expected=nan got=-inf
FAIL: a=fff583ab b=c75cbbe8 op=0 expected=7fc00000 got=ff800000
    a=nan b=-56507.9062 op=0 expected=nan got=-inf
FAIL: a=a8fce825 b=7fe6192f op=0 expected=7fc00000 got=7f800000
    a=-2.80782969e-14 b=nan op=0 expected=nan got=inf
FAIL: a=9c61a0bf b=ffd9114e op=1 expected=7fc00000 got=7f800000
    a=-7.46540146e-22 b=nan op=1 expected=nan got=inf
FAIL: a=ffec336f b=9b1fa11a op=1 expected=7fc00000 got=ff800000
    a=nan b=-1.32042265e-22 op=1 expected=nan got=-inf
FAIL: a=d8d62e1e b=ffea9b71 op=1 expected=7fc00000 got=7f800000
    a=-1.88394848e+15 b=nan op=1 expected=nan got=inf
FAIL: a=7fd78f1a b=40a758f2 op=0 expected=7fc00000 got=7f800000
    a=nan b=5.22960758 op=0 expected=nan got=inf
FAIL: a=60c05bc1 b=7ffa07ad op=1 expected=7fc00000 got=ff800000
    a=1.10887076e+20 b=nan op=1 expected=nan got=-inf
FAIL: a=fb4b1764 b=fffba234 op=0 expected=7fc00000 got=ff800000
    a=-1.05451068e+36 b=nan op=0 expected=nan got=-inf
FAIL: a=7fd0202e b=e6a76833 op=1 expected=7fc00000 got=7f800000
    a=nan b=-3.95278669e+23 op=1 expected=nan got=inf
FAIL: a=b7ed42b6 b=fff5604c op=1 expected=7fc00000 got=7f800000
    a=-2.82836663e-05 b=nan op=1 expected=nan got=inf
FAIL: a=ffeaac26 b=08447f9b op=0 expected=7fc00000 got=ff800000
    a=nan b=5.91316041e-34 op=0 expected=nan got=-inf
FAIL: a=0f4785d9 b=7fd3560a op=0 expected=7fc00000 got=7f800000
    a=9.83723563e-30 b=nan op=0 expected=nan got=inf
FAIL: a=d97098db b=ffe4a41d op=1 expected=7fc00000 got=7f800000
    a=-4.2326288e+15 b=nan op=1 expected=nan got=inf
FAIL: a=7fdb4b7e b=834cfc9c op=1 expected=7fc00000 got=7f800000
    a=nan b=-6.02401932e-37 op=1 expected=nan got=inf
FAIL: a=b934a2e7 b=7ff4a93a op=0 expected=7fc00000 got=7f800000
    a=-0.000172268235 b=nan op=0 expected=nan got=inf
FAIL: a=225d9145 b=ffff52df op=0 expected=7fc00000 got=ff800000
    a=3.00279901e-18 b=nan op=0 expected=nan got=-inf
FAIL: a=6ed6e0ff b=ffc8261a op=0 expected=7fc00000 got=ff800000
    a=3.32508978e+28 b=nan op=0 expected=nan got=-inf
FAIL: a=ffc4f808 b=d5d6bbb1 op=0 expected=7fc00000 got=ff800000
    a=nan b=-2.95127021e+13 op=0 expected=nan got=-inf
FAIL: a=52a1fb05 b=7fee8db1 op=1 expected=7fc00000 got=ff800000
    a=3.47850572e+11 b=nan op=1 expected=nan got=-inf
FAIL: a=39bb3480 b=fff6e73a op=0 expected=7fc00000 got=ff800000
    a=0.00035706535 b=nan op=0 expected=nan got=-inf
FAIL: a=2f939227 b=7fceb4af op=1 expected=7fc00000 got=ff800000
    a=2.68429917e-10 b=nan op=1 expected=nan got=-inf
FAIL: a=423c5248 b=ffe1d2eb op=1 expected=7fc00000 got=7f800000
    a=47.0803528 b=nan op=1 expected=nan got=inf
FAIL: a=46c25b16 b=7fdeb470 op=0 expected=7fc00000 got=7f800000
    a=24877.543 b=nan op=0 expected=nan got=inf
FAIL: a=ffd5c435 b=ee8ae810 op=1 expected=7fc00000 got=ff800000
    a=nan b=-2.14947389e+28 op=1 expected=nan got=-inf
FAIL: a=ffda0f0f b=f5670c37 op=1 expected=7fc00000 got=ff800000
    a=nan b=-2.92887774e+32 op=1 expected=nan got=-inf
FAIL: a=7ffbe1bc b=b8a54d14 op=0 expected=7fc00000 got=7f800000
    a=nan b=-7.88217003e-05 op=0 expected=nan got=inf
FAIL: a=6130230d b=ffef5a55 op=1 expected=7fc00000 got=7f800000
    a=2.03072039e+20 b=nan op=1 expected=nan got=inf
FAIL: a=7fc03ddf b=90239620 op=0 expected=7fc00000 got=7f800000
    a=nan b=-3.2261734e-29 op=0 expected=nan got=inf
FAIL: a=7fcfbb77 b=27da8fcc op=0 expected=7fc00000 got=7f800000
    a=nan b=6.06630597e-15 op=0 expected=nan got=inf
FAIL: a=63b1459e b=7fe45b10 op=1 expected=7fc00000 got=ff800000
    a=6.5401803e+21 b=nan op=1 expected=nan got=-inf
FAIL: a=ffdbcff0 b=869747fc op=0 expected=7fc00000 got=ff800000
    a=nan b=-5.69056586e-35 op=0 expected=nan got=-inf
FAIL: a=7fc3a1f9 b=4c4da296 op=1 expected=7fc00000 got=7f800000
    a=nan b=53906008.0 op=1 expected=nan got=inf
FAIL: a=ffd2f35d b=e8dcc531 op=0 expected=7fc00000 got=ff800000
    a=nan b=-8.34046533e+24 op=0 expected=nan got=-inf
FAIL: a=e228872e b=7fce0bef op=0 expected=7fc00000 got=7f800000
    a=-7.77198432e+20 b=nan op=0 expected=nan got=inf
FAIL: a=fffe46d0 b=91a92eac op=1 expected=7fc00000 got=ff800000
    a=nan b=-2.66922624e-28 op=1 expected=nan got=-inf
FAIL: a=eb1ded9a b=ffcf65bf op=1 expected=7fc00000 got=7f800000
    a=-1.90923395e+26 b=nan op=1 expected=nan got=inf
FAIL: a=7ff32ae8 b=60218f0b op=0 expected=7fc00000 got=7f800000
    a=nan b=4.65661426e+19 op=0 expected=nan got=inf
FAIL: a=7fe98a4f b=e0c20c9c op=0 expected=7fc00000 got=7f800000
    a=nan b=-1.1186178e+20 op=0 expected=nan got=inf
FAIL: a=2a712d99 b=ffda56b2 op=1 expected=7fc00000 got=7f800000
    a=2.14209198e-13 b=nan op=1 expected=nan got=inf
FAIL: a=52afb9d6 b=ffd31c14 op=1 expected=7fc00000 got=7f800000
    a=3.77368543e+11 b=nan op=1 expected=nan got=inf
FAIL: a=7fe3e2c8 b=25b84e4e op=0 expected=7fc00000 got=7f800000
    a=nan b=3.19719733e-16 op=0 expected=nan got=inf
FAIL: a=7fee1069 b=37fb22f2 op=1 expected=7fc00000 got=7f800000
    a=nan b=2.99378044e-05 op=1 expected=nan got=inf
FAIL: a=a3284add b=ffe5eb46 op=0 expected=7fc00000 got=ff800000
    a=-9.12315117e-18 b=nan op=0 expected=nan got=-inf
FAIL: a=77ed90da b=ffc0992f op=0 expected=7fc00000 got=ff800000
    a=9.6368148e+33 b=nan op=0 expected=nan got=-inf
FAIL: a=7fe33581 b=95769f15 op=0 expected=7fc00000 got=7f800000
    a=nan b=-4.9804798e-26 op=0 expected=nan got=inf
FAIL: a=fff9a814 b=f06765fb op=1 expected=7fc00000 got=ff800000
    a=nan b=-2.86457296e+29 op=1 expected=nan got=-inf
FAIL: a=7fe8fbd3 b=194c1043 op=1 expected=7fc00000 got=7f800000
    a=nan b=1.05498368e-23 op=1 expected=nan got=inf
FAIL: a=ffdabc1f b=58559d0f op=1 expected=7fc00000 got=ff800000
    a=nan b=9.39482153e+14 op=1 expected=nan got=-inf
FAIL: a=fff2bf92 b=6a2fcbb9 op=0 expected=7fc00000 got=ff800000
    a=nan b=5.31310179e+25 op=0 expected=nan got=-inf
FAIL: a=7fd9e1e2 b=a98c3894 op=1 expected=7fc00000 got=7f800000
    a=nan b=-6.22706368e-14 op=1 expected=nan got=inf
FAIL: a=955d830e b=7fd99dc1 op=1 expected=7fc00000 got=ff800000
    a=-4.47339785e-26 b=nan op=1 expected=nan got=-inf
FAIL: a=2f6d4847 b=ffc79665 op=1 expected=7fc00000 got=7f800000
    a=2.15807025e-10 b=nan op=1 expected=nan got=inf
FAIL: a=7fdfba67 b=aa3e3b40 op=0 expected=7fc00000 got=7f800000
    a=nan b=-1.68959464e-13 op=0 expected=nan got=inf
FAIL: a=7fe589bc b=22091d5a op=0 expected=7fc00000 got=7f800000
    a=nan b=1.85825008e-18 op=0 expected=nan got=inf
FAIL: a=7c96cc2c b=ffebd663 op=0 expected=7fc00000 got=ff800000
    a=6.26388501e+36 b=nan op=0 expected=nan got=-inf
FAIL: a=ffcd936d b=b7cdb33b op=1 expected=7fc00000 got=ff800000
    a=nan b=-2.4521365e-05 op=1 expected=nan got=-inf
FAIL: a=2a26cc3b b=7fedb635 op=1 expected=7fc00000 got=ff800000
    a=1.48146184e-13 b=nan op=1 expected=nan got=-inf
FAIL: a=5a5d4652 b=ffff091f op=1 expected=7fc00000 got=7f800000
    a=1.5570822e+16 b=nan op=1 expected=nan got=inf
FAIL: a=7ffb19f8 b=c0806388 op=1 expected=7fc00000 got=7f800000
    a=nan b=-4.01214981 op=1 expected=nan got=inf
FAIL: a=ffd12a8a b=01a2109d op=1 expected=7fc00000 got=ff800000
    a=nan b=5.95332404e-38 op=1 expected=nan got=-inf
FAIL: a=daa87011 b=7fee756c op=1 expected=7fc00000 got=ff800000
    a=-2.37055072e+16 b=nan op=1 expected=nan got=-inf
FAIL: a=7ff0731b b=1a37cf82 op=0 expected=7fc00000 got=7f800000
    a=nan b=3.80111365e-23 op=0 expected=nan got=inf
FAIL: a=7ff699c6 b=56bb963a op=1 expected=7fc00000 got=7f800000
    a=nan b=1.03126946e+14 op=1 expected=nan got=inf
FAIL: a=44b95f01 b=ffe46601 op=0 expected=7fc00000 got=ff800000
    a=1482.96887 b=nan op=0 expected=nan got=-inf
FAIL: a=be2debaf b=7fcf4958 op=1 expected=7fc00000 got=ff800000
    a=-0.169844374 b=nan op=1 expected=nan got=-inf
FAIL: a=7692155a b=7fd83563 op=0 expected=7fc00000 got=7f800000
    a=1.48146172e+33 b=nan op=0 expected=nan got=inf
FAIL: a=7fc26776 b=55101649 op=1 expected=7fc00000 got=7f800000
    a=nan b=9.90158678e+12 op=1 expected=nan got=inf
FAIL: a=7feb33fa b=9b25a760 op=0 expected=7fc00000 got=7f800000
    a=nan b=-1.37025619e-22 op=0 expected=nan got=inf
FAIL: a=827e1866 b=7fc9049b op=0 expected=7fc00000 got=7f800000
    a=-1.86679748e-37 b=nan op=0 expected=nan got=inf
FAIL: a=ffe006ce b=251c4775 op=1 expected=7fc00000 got=ff800000
    a=nan b=1.35550537e-16 op=1 expected=nan got=-inf
FAIL: a=379289db b=7ff04155 op=0 expected=7fc00000 got=7f800000
    a=1.74687502e-05 b=nan op=0 expected=nan got=inf
FAIL: a=ffcc4203 b=1dec0390 op=1 expected=7fc00000 got=ff800000
    a=nan b=6.24723634e-21 op=1 expected=nan got=-inf
FAIL: a=ffca2cb5 b=15e55209 op=1 expected=7fc00000 got=ff800000
    a=nan b=9.26217921e-26 op=1 expected=nan got=-inf
FAIL: a=7fc054e1 b=edf92fa6 op=1 expected=7fc00000 got=7f800000
    a=nan b=-9.63992136e+27 op=1 expected=nan got=inf
FAIL: a=ffca4626 b=73b832ce op=1 expected=7fc00000 got=ff800000
    a=nan b=2.91874104e+31 op=1 expected=nan got=-inf
FAIL: a=7fee8ec6 b=95910f46 op=0 expected=7fc00000 got=7f800000
    a=nan b=-5.85891308e-26 op=0 expected=nan got=inf
FAIL: a=519d2d44 b=ffd8bdec op=0 expected=7fc00000 got=ff800000
    a=8.43836621e+10 b=nan op=0 expected=nan got=-inf
FAIL: a=f58be485 b=ffc78be6 op=0 expected=7fc00000 got=ff800000
    a=-3.54670015e+32 b=nan op=0 expected=nan got=-inf
FAIL: a=08cec209 b=ffe686ff op=0 expected=7fc00000 got=ff800000
    a=1.24437915e-33 b=nan op=0 expected=nan got=-inf
FAIL: a=53a9741f b=7febbbef op=1 expected=7fc00000 got=ff800000
    a=1.45559532e+12 b=nan op=1 expected=nan got=-inf
FAIL: a=7fcbcfcf b=ee60b27e op=0 expected=7fc00000 got=7f800000
    a=nan b=-1.73851065e+28 op=0 expected=nan got=inf
FAIL: a=06ce39fc b=7fc52005 op=0 expected=7fc00000 got=7f800000
    a=7.7573788e-35 b=nan op=0 expected=nan got=inf
FAIL: a=7ff4326f b=8f1b9698 op=0 expected=7fc00000 got=7f800000
    a=nan b=-7.67109332e-30 op=0 expected=nan got=inf
FAIL: a=d8279fa3 b=7fcfacbf op=1 expected=7fc00000 got=ff800000
    a=-7.37216305e+14 b=nan op=1 expected=nan got=-inf
FAIL: a=a2b18289 b=ffccbcbe op=0 expected=7fc00000 got=ff800000
    a=-4.81141556e-18 b=nan op=0 expected=nan got=-inf
FAIL: a=8b5b832c b=ffc65452 op=1 expected=7fc00000 got=7f800000
    a=-4.22765485e-32 b=nan op=1 expected=nan got=inf
FAIL: a=7feae2c7 b=cc48c877 op=0 expected=7fc00000 got=7f800000
    a=nan b=-52634076.0 op=0 expected=nan got=inf
FAIL: a=c80dfb93 b=ffd0e871 op=1 expected=7fc00000 got=7f800000
    a=-145390.297 b=nan op=1 expected=nan got=inf
FAIL: a=7fd31b29 b=3081b441 op=1 expected=7fc00000 got=7f800000
    a=nan b=9.43721656e-10 op=1 expected=nan got=inf
FAIL: a=7fcd8f07 b=b2ada8fb op=1 expected=7fc00000 got=7f800000
    a=nan b=-2.02166941e-08 op=1 expected=nan got=inf
FAIL: a=942f87aa b=7fea5d98 op=0 expected=7fc00000 got=7f800000
    a=-8.86199716e-27 b=nan op=0 expected=nan got=inf
FAIL: a=c73aaed1 b=ffe3d288 op=1 expected=7fc00000 got=7f800000
    a=-47790.8164 b=nan op=1 expected=nan got=inf
FAIL: a=4c1d160d b=7fd251d4 op=1 expected=7fc00000 got=ff800000
    a=41179188.0 b=nan op=1 expected=nan got=-inf
FAIL: a=ebf766a3 b=ffee4417 op=1 expected=7fc00000 got=7f800000
    a=-5.98178731e+26 b=nan op=1 expected=nan got=inf
FAIL: a=52baec3f b=7fe4db85 op=0 expected=7fc00000 got=7f800000
    a=4.01413734e+11 b=nan op=0 expected=nan got=inf
FAIL: a=7ff7c0e7 b=48e1a722 op=1 expected=7fc00000 got=7f800000
    a=nan b=462137.062 op=1 expected=nan got=inf
FAIL: a=7fc22d10 b=62e82a6b op=0 expected=7fc00000 got=7f800000
    a=nan b=2.14135058e+21 op=0 expected=nan got=inf
FAIL: a=fff4b8ac b=635d8dd6 op=1 expected=7fc00000 got=ff800000
    a=nan b=4.0869508e+21 op=1 expected=nan got=-inf
FAIL: a=4838bad5 b=ffc15032 op=1 expected=7fc00000 got=7f800000
    a=189163.328 b=nan op=1 expected=nan got=inf
FAIL: a=7fd7e2a1 b=db87f4a9 op=1 expected=7fc00000 got=7f800000
    a=nan b=-7.65362571e+16 op=1 expected=nan got=inf
FAIL: a=ffea92b9 b=06c03c4b op=0 expected=7fc00000 got=ff800000
    a=nan b=7.23109655e-35 op=0 expected=nan got=-inf
FAIL: a=1d7711b5 b=ffd2b677 op=0 expected=7fc00000 got=ff800000
    a=3.26993321e-21 b=nan op=0 expected=nan got=-inf
FAIL: a=4d5b75c2 b=7ff44f06 op=1 expected=7fc00000 got=ff800000
    a=230120480.0 b=nan op=1 expected=nan got=-inf
FAIL: a=7fef2393 b=6a8643d4 op=0 expected=7fc00000 got=7f800000
    a=nan b=8.11581845e+25 op=0 expected=nan got=inf
FAIL: a=d86d9241 b=ffeaf25e op=1 expected=7fc00000 got=7f800000
    a=-1.04484965e+15 b=nan op=1 expected=nan got=inf
FAIL: a=74763116 b=7ff75f90 op=1 expected=7fc00000 got=ff800000
    a=7.80212774e+31 b=nan op=1 expected=nan got=-inf
FAIL: a=7ffe7528 b=8bddeb00 op=1 expected=7fc00000 got=7f800000
    a=nan b=-8.54796922e-32 op=1 expected=nan got=inf
FAIL: a=19f309fb b=7ff3ba5b op=0 expected=7fc00000 got=7f800000
    a=2.51296422e-23 b=nan op=0 expected=nan got=inf
FAIL: a=7fc36506 b=f378e1b6 op=1 expected=7fc00000 got=7f800000
    a=nan b=-1.97184385e+31 op=1 expected=nan got=inf
FAIL: a=5da449d0 b=7fd4a434 op=1 expected=7fc00000 got=ff800000
    a=1.47977772e+18 b=nan op=1 expected=nan got=-inf
FAIL: a=ffe0b302 b=7637fe4d op=0 expected=7fc00000 got=ff800000
    a=nan b=9.32957185e+32 op=0 expected=nan got=-inf
FAIL: a=ffcc9659 b=5fbf3200 op=0 expected=7fc00000 got=ff800000
    a=nan b=2.75541484e+19 op=0 expected=nan got=-inf
FAIL: a=ffeb3aaf b=5949ab2a op=1 expected=7fc00000 got=ff800000
    a=nan b=3.5477917e+15 op=1 expected=nan got=-inf
FAIL: a=9d69c7dc b=ffccb59d op=0 expected=7fc00000 got=ff800000
    a=-3.09406181e-21 b=nan op=0 expected=nan got=-inf
FAIL: a=48d52a0c b=7ff4f494 op=0 expected=7fc00000 got=7f800000
    a=436560.375 b=nan op=0 expected=nan got=inf
FAIL: a=04e33f2a b=7fd929b4 op=1 expected=7fc00000 got=ff800000
    a=5.34254506e-36 b=nan op=1 expected=nan got=-inf
FAIL: a=e44aa944 b=ffeeebce op=1 expected=7fc00000 got=7f800000
    a=-1.49537567e+22 b=nan op=1 expected=nan got=inf
FAIL: a=fffa2108 b=41e438be op=0 expected=7fc00000 got=ff800000
    a=nan b=28.5277061 op=0 expected=nan got=-inf
FAIL: a=a7c88c92 b=ffd60686 op=0 expected=7fc00000 got=ff800000
    a=-5.56635579e-15 b=nan op=0 expected=nan got=-inf
FAIL: a=550abd42 b=7ff3cc8d op=0 expected=7fc00000 got=7f800000
    a=9.5340913e+12 b=nan op=0 expected=nan got=inf
FAIL: a=7fe34b23 b=4442bb50 op=1 expected=7fc00000 got=7f800000
    a=nan b=778.926758 op=1 expected=nan got=inf
FAIL: a=7fe3f9b1 b=3edded80 op=1 expected=7fc00000 got=7f800000
    a=nan b=0.433452606 op=1 expected=nan got=inf
FAIL: a=a8ec00b3 b=fff7130c op=0 expected=7fc00000 got=ff800000
    a=-2.62015666e-14 b=nan op=0 expected=nan got=-inf
FAIL: a=ffda5b35 b=d1b72ddd op=1 expected=7fc00000 got=ff800000
    a=nan b=-9.83435592e+10 op=1 expected=nan got=-inf
FAIL: a=f3972696 b=7fdfdde9 op=1 expected=7fc00000 got=ff800000
    a=-2.39507886e+31 b=nan op=1 expected=nan got=-inf
FAIL: a=2c3a9fc7 b=7fd7d5d3 op=0 expected=7fc00000 got=7f800000
    a=2.6520884e-12 b=nan op=0 expected=nan got=inf
FAIL: a=65d8504b b=7ff8196c op=1 expected=7fc00000 got=ff800000
    a=1.27689038e+23 b=nan op=1 expected=nan got=-inf
FAIL: a=e6626061 b=7fd54514 op=0 expected=7fc00000 got=7f800000
    a=-2.67258176e+23 b=nan op=0 expected=nan got=inf
FAIL: a=220e3c62 b=ffe2b85f op=1 expected=7fc00000 got=7f800000
    a=1.9276555e-18 b=nan op=1 expected=nan got=inf
FAIL: a=ffd45fca b=1dbad9d2 op=1 expected=7fc00000 got=ff800000
    a=nan b=4.9459011e-21 op=1 expected=nan got=-inf
FAIL: a=7ff9895f b=e46d4aa1 op=1 expected=7fc00000 got=7f800000
    a=nan b=-1.75090237e+22 op=1 expected=nan got=inf
FAIL: a=52d2230c b=7fdf3575 op=1 expected=7fc00000 got=ff800000
    a=4.51265561e+11 b=nan op=1 expected=nan got=-inf
FAIL: a=ffe0de6b b=7d70c6ed op=0 expected=7fc00000 got=ff800000
    a=nan b=2.0002975e+37 op=0 expected=nan got=-inf
FAIL: a=e8eb7728 b=fff444dd op=0 expected=7fc00000 got=ff800000
    a=-8.89563335e+24 b=nan op=0 expected=nan got=-inf
FAIL: a=d4db42fa b=ffe723ac op=0 expected=7fc00000 got=ff800000
    a=-7.53377214e+12 b=nan op=0 expected=nan got=-inf
FAIL: a=7fdc7331 b=f7c46a35 op=0 expected=7fc00000 got=7f800000
    a=nan b=-7.96753374e+33 op=0 expected=nan got=inf
FAIL: a=7fe9a36b b=5b80b395 op=1 expected=7fc00000 got=7f800000
    a=nan b=7.24524991e+16 op=1 expected=nan got=inf
FAIL: a=7ff61aa2 b=f78c35f5 op=0 expected=7fc00000 got=7f800000
    a=nan b=-5.68762452e+33 op=0 expected=nan got=inf
FAIL: a=faa9fbfe b=7ff47a26 op=1 expected=7fc00000 got=ff800000
    a=-4.41304589e+35 b=nan op=1 expected=nan got=-inf
FAIL: a=fffebdaa b=8455422c op=1 expected=7fc00000 got=ff800000
    a=nan b=-2.50684143e-36 op=1 expected=nan got=-inf
FAIL: a=4b789fa7 b=ffd066b4 op=0 expected=7fc00000 got=ff800000
    a=16293799.0 b=nan op=0 expected=nan got=-inf
FAIL: a=ca203926 b=7fd5cd6e op=0 expected=7fc00000 got=7f800000
    a=-2625097.5 b=nan op=0 expected=nan got=inf
FAIL: a=ea82c2f6 b=ffe3f365 op=0 expected=7fc00000 got=ff800000
    a=-7.90405168e+25 b=nan op=0 expected=nan got=-inf
FAIL: a=7fc564d8 b=5a429894 op=1 expected=7fc00000 got=7f800000
    a=nan b=1.36934767e+16 op=1 expected=nan got=inf
FAIL: a=4dc094fe b=7fd6ef3d op=0 expected=7fc00000 got=7f800000
    a=403873728.0 b=nan op=0 expected=nan got=inf
FAIL: a=4a3be053 b=7ff61762 op=1 expected=7fc00000 got=ff800000
    a=3078164.75 b=nan op=1 expected=nan got=-inf
FAIL: a=ffe9cb2d b=abbda13d op=1 expected=7fc00000 got=ff800000
    a=nan b=-1.34740103e-12 op=1 expected=nan got=-inf
FAIL: a=2f7b0bd9 b=7fd8865f op=1 expected=7fc00000 got=ff800000
    a=2.28325261e-10 b=nan op=1 expected=nan got=-inf
FAIL: a=7fcc0d50 b=1a85b8b5 op=0 expected=7fc00000 got=7f800000
    a=nan b=5.5305921e-23 op=0 expected=nan got=inf
FAIL: a=25f8ce5c b=7ffb991a op=0 expected=7fc00000 got=7f800000
    a=4.31609768e-16 b=nan op=0 expected=nan got=inf
FAIL: a=992b5a68 b=ffdccca6 op=1 expected=7fc00000 got=7f800000
    a=-8.85875019e-24 b=nan op=1 expected=nan got=inf
FAIL: a=ffd1cc36 b=00737c37 op=1 expected=7fc00000 got=ff800000
    a=nan b=1.06056419e-38 op=1 expected=nan got=-inf
FAIL: a=7fe0d94f b=b03d0b66 op=1 expected=7fc00000 got=7f800000
    a=nan b=-6.87739976e-10 op=1 expected=nan got=inf
FAIL: a=fffd89e1 b=2405370f op=1 expected=7fc00000 got=ff800000
    a=nan b=2.88864142e-17 op=1 expected=nan got=-inf
FAIL: a=8706c9fe b=fff46b72 op=1 expected=7fc00000 got=7f800000
    a=-1.01403997e-34 b=nan op=1 expected=nan got=inf
FAIL: a=134d29f8 b=7fdfd246 op=0 expected=7fc00000 got=7f800000
    a=2.58953299e-27 b=nan op=0 expected=nan got=inf
FAIL: a=fffa163d b=af962c94 op=1 expected=7fc00000 got=ff800000
    a=nan b=-2.73165157e-10 op=1 expected=nan got=-inf
FAIL: a=aa04298b b=ffe67f5b op=0 expected=7fc00000 got=ff800000
    a=-1.17383683e-13 b=nan op=0 expected=nan got=-inf
FAIL: a=632ba3a4 b=ffe45edd op=1 expected=7fc00000 got=7f800000
    a=3.16618479e+21 b=nan op=1 expected=nan got=inf
FAIL: a=ffc239a2 b=0eccac35 op=0 expected=7fc00000 got=ff800000
    a=nan b=5.0455712e-30 op=0 expected=nan got=-inf
FAIL: a=5fc4a88e b=ffdffea3 op=0 expected=7fc00000 got=ff800000
    a=2.83414647e+19 b=nan op=0 expected=nan got=-inf
FAIL: a=ffec5381 b=22f67893 op=0 expected=7fc00000 got=ff800000
    a=nan b=6.68060965e-18 op=0 expected=nan got=-inf
FAIL: a=ffe883fa b=92633cec op=1 expected=7fc00000 got=ff800000
    a=nan b=-7.17036622e-28 op=1 expected=nan got=-inf
FAIL: a=5db010f7 b=7ff7dc0f op=1 expected=7fc00000 got=ff800000
    a=1.58586397e+18 b=nan op=1 expected=nan got=-inf
FAIL: a=0df4164b b=7feaadb9 op=1 expected=7fc00000 got=ff800000
    a=1.50430278e-30 b=nan op=1 expected=nan got=-inf
FAIL: a=fff3e05c b=9b6f3c12 op=0 expected=7fc00000 got=ff800000
    a=nan b=-1.97890264e-22 op=0 expected=nan got=-inf
FAIL: a=fffdf02a b=f554d494 op=0 expected=7fc00000 got=ff800000
    a=nan b=-2.69794563e+32 op=0 expected=nan got=-inf
FAIL: a=fff98890 b=51fab0e5 op=0 expected=7fc00000 got=ff800000
    a=nan b=1.34588703e+11 op=0 expected=nan got=-inf
FAIL: a=4507bb2e b=fffbdb50 op=0 expected=7fc00000 got=ff800000
    a=2171.69873 b=nan op=0 expected=nan got=-inf
FAIL: a=ffdc4b70 b=1282c4f5 op=0 expected=7fc00000 got=ff800000
    a=nan b=8.25270707e-28 op=0 expected=nan got=-inf
FAIL: a=ffdb130f b=525f255e op=0 expected=7fc00000 got=ff800000
    a=nan b=2.39601156e+11 op=0 expected=nan got=-inf
FAIL: a=ffda063e b=20a383a6 op=0 expected=7fc00000 got=ff800000
    a=nan b=2.77003917e-19 op=0 expected=nan got=-inf
FAIL: a=fff3600b b=68a47fe5 op=0 expected=7fc00000 got=ff800000
    a=nan b=6.21461873e+24 op=0 expected=nan got=-inf
FAIL: a=ffc15519 b=b6af5b4f op=1 expected=7fc00000 got=ff800000
    a=nan b=-5.22603614e-06 op=1 expected=nan got=-inf
FAIL: a=ffe9ae12 b=52ffea11 op=0 expected=7fc00000 got=ff800000
    a=nan b=5.49571822e+11 op=0 expected=nan got=-inf
FAIL: a=fff6e2a0 b=6654d0c6 op=0 expected=7fc00000 got=ff800000
    a=nan b=2.51248221e+23 op=0 expected=nan got=-inf
FAIL: a=ffcd58bc b=4b60ba69 op=0 expected=7fc00000 got=ff800000
    a=nan b=14727785.0 op=0 expected=nan got=-inf
FAIL: a=ffd9601c b=357da25e op=1 expected=7fc00000 got=ff800000
    a=nan b=9.44861199e-07 op=1 expected=nan got=-inf
FAIL: a=52e45b34 b=7ffe1d5c op=1 expected=7fc00000 got=ff800000
    a=4.90391339e+11 b=nan op=1 expected=nan got=-inf
FAIL: a=8674ecd0 b=ffc05528 op=1 expected=7fc00000 got=7f800000
    a=-4.60652818e-35 b=nan op=1 expected=nan got=inf
FAIL: a=54b0175b b=7fc11427 op=1 expected=7fc00000 got=ff800000
    a=6.05044867e+12 b=nan op=1 expected=nan got=-inf
FAIL: a=243ffcdb b=ffd2c2cd op=0 expected=7fc00000 got=ff800000
    a=4.16306999e-17 b=nan op=0 expected=nan got=-inf
FAIL: a=0a5202a9 b=fff737ea op=1 expected=7fc00000 got=7f800000
    a=1.01116325e-32 b=nan op=1 expected=nan got=inf
FAIL: a=fff0f946 b=d38fb938 op=1 expected=7fc00000 got=ff800000
    a=nan b=-1.23457556e+12 op=1 expected=nan got=-inf
FAIL: a=ffe0e01c b=cc132b7c op=1 expected=7fc00000 got=ff800000
    a=nan b=-38579696.0 op=1 expected=nan got=-inf
FAIL: a=a98100aa b=fff509a9 op=0 expected=7fc00000 got=ff800000
    a=-5.728866e-14 b=nan op=0 expected=nan got=-inf
FAIL: a=7fe10000 b=fb0130a5 op=1 expected=7fc00000 got=7f800000
    a=nan b=-6.70792923e+35 op=1 expected=nan got=inf
FAIL: a=b5e074fa b=ffda029c op=1 expected=7fc00000 got=7f800000
    a=-1.67233452e-06 b=nan op=1 expected=nan got=inf
FAIL: a=fffd0227 b=3d3c80b2 op=1 expected=7fc00000 got=ff800000
    a=nan b=0.0460211709 op=1 expected=nan got=-inf
FAIL: a=ffe4f6f8 b=93ac0459 op=1 expected=7fc00000 got=ff800000
    a=nan b=-4.34231913e-27 op=1 expected=nan got=-inf
FAIL: a=7fe06670 b=c2a6918d op=1 expected=7fc00000 got=7f800000
    a=nan b=-83.2842789 op=1 expected=nan got=inf
FAIL: a=5aadf508 b=fff7d35d op=1 expected=7fc00000 got=7f800000
    a=2.44822928e+16 b=nan op=1 expected=nan got=inf
FAIL: a=7fdf1ed2 b=88d5bea6 op=1 expected=7fc00000 got=7f800000
    a=nan b=-1.28642924e-33 op=1 expected=nan got=inf
FAIL: a=7fef72eb b=8e1c3d8b op=1 expected=7fc00000 got=7f800000
    a=nan b=-1.92581164e-30 op=1 expected=nan got=inf
FAIL: a=c85d3de4 b=7fcfe278 op=1 expected=7fc00000 got=ff800000
    a=-226551.562 b=nan op=1 expected=nan got=-inf
FAIL: a=7fda56ac b=a35bf10e op=0 expected=7fc00000 got=7f800000
    a=nan b=-1.19230591e-17 op=0 expected=nan got=inf
FAIL: a=15c38e8b b=7fc19975 op=0 expected=7fc00000 got=7f800000
    a=7.89847659e-26 b=nan op=0 expected=nan got=inf
FAIL: a=7fffc351 b=ee4348d2 op=1 expected=7fc00000 got=7f800000
    a=nan b=-1.51094028e+28 op=1 expected=nan got=inf
FAIL: a=7fe40519 b=8fe5ccd3 op=0 expected=7fc00000 got=7f800000
    a=nan b=-2.26600388e-29 op=0 expected=nan got=inf
FAIL: a=783d7dc1 b=7fe4cac4 op=1 expected=7fc00000 got=ff800000
    a=1.53733547e+34 b=nan op=1 expected=nan got=-inf
FAIL: a=e8b2208f b=7fdde3d2 op=0 expected=7fc00000 got=7f800000
    a=-6.72945467e+24 b=nan op=0 expected=nan got=inf
FAIL: a=9c30a24e b=ffff85ca op=0 expected=7fc00000 got=ff800000
    a=-5.8443289e-22 b=nan op=0 expected=nan got=-inf
FAIL: a=7fcd2708 b=70d7f8d5 op=0 expected=7fc00000 got=7f800000
    a=nan b=5.34720773e+29 op=0 expected=nan got=inf
FAIL: a=a6460bf1 b=7fc8b005 op=0 expected=7fc00000 got=7f800000
    a=-6.87112333e-16 b=nan op=0 expected=nan got=inf
FAIL: a=fff11afd b=035ed20b op=1 expected=7fc00000 got=ff800000
    a=nan b=6.5481054e-37 op=1 expected=nan got=-inf
FAIL: a=411e64bb b=ffc3150d op=1 expected=7fc00000 got=7f800000
    a=9.8995924 b=nan op=1 expected=nan got=inf
FAIL: a=ffc79a74 b=962cd31f op=1 expected=7fc00000 got=ff800000
    a=nan b=-1.39606674e-25 op=1 expected=nan got=-inf
FAIL: a=e7988ff3 b=7fda5c60 op=1 expected=7fc00000 got=ff800000
    a=-1.4409102e+24 b=nan op=1 expected=nan got=-inf
FAIL: a=7fdf6b31 b=20a22deb op=1 expected=7fc00000 got=7f800000
    a=nan b=2.74742535e-19 op=1 expected=nan got=inf
FAIL: a=fff7fec4 b=b310f7a3 op=0 expected=7fc00000 got=ff800000
    a=nan b=-3.3752837e-08 op=0 expected=nan got=-inf
FAIL: a=fffde897 b=2bc6a966 op=0 expected=7fc00000 got=ff800000
    a=nan b=1.41157637e-12 op=0 expected=nan got=-inf
FAIL: a=163b95bc b=7fe47f2d op=1 expected=7fc00000 got=ff800000
    a=1.51529875e-25 b=nan op=1 expected=nan got=-inf
FAIL: a=e66e20c1 b=ffe16ade op=0 expected=7fc00000 got=ff800000
    a=-2.81131856e+23 b=nan op=0 expected=nan got=-inf
FAIL: a=99ad75e2 b=ffcd35b9 op=1 expected=7fc00000 got=7f800000
    a=-1.79353932e-23 b=nan op=1 expected=nan got=inf
FAIL: a=ffc2ae94 b=f4f040bd op=1 expected=7fc00000 got=ff800000
    a=nan b=-1.52278356e+32 op=1 expected=nan got=-inf
FAIL: a=ec61e941 b=7fd90bf4 op=1 expected=7fc00000 got=ff800000
    a=-1.09243928e+27 b=nan op=1 expected=nan got=-inf
FAIL: a=faf31bd5 b=7ffe7be9 op=0 expected=7fc00000 got=7f800000
    a=-6.31146319e+35 b=nan op=0 expected=nan got=inf
FAIL: a=7ffc34c6 b=573f6175 op=1 expected=7fc00000 got=7f800000
    a=nan b=2.10425296e+14 op=1 expected=nan got=inf
FAIL: a=b566e5d6 b=fff5cabb op=0 expected=7fc00000 got=ff800000
    a=-8.60161322e-07 b=nan op=0 expected=nan got=-inf
FAIL: a=aa6d240e b=ffe92e3a op=1 expected=7fc00000 got=7f800000
    a=-2.10623375e-13 b=nan op=1 expected=nan got=inf
FAIL: a=b74c4cdb b=ffc115fb op=0 expected=7fc00000 got=ff800000
    a=-1.21772418e-05 b=nan op=0 expected=nan got=-inf
FAIL: a=ffea4b48 b=0218c25e op=0 expected=7fc00000 got=ff800000
    a=nan b=1.1222977e-37 op=0 expected=nan got=-inf
FAIL: a=fff5db4d b=51096be6 op=1 expected=7fc00000 got=ff800000
    a=nan b=3.68887972e+10 op=1 expected=nan got=-inf
FAIL: a=aa847497 b=ffe9829f op=1 expected=7fc00000 got=7f800000
    a=-2.35288107e-13 b=nan op=1 expected=nan got=inf
FAIL: a=83747cf5 b=fff5c99a op=1 expected=7fc00000 got=7f800000
    a=-7.1848599e-37 b=nan op=1 expected=nan got=inf
FAIL: a=7ff91440 b=cf43356b op=0 expected=7fc00000 got=7f800000
    a=nan b=-3.27505792e+09 op=0 expected=nan got=inf
FAIL: a=37896271 b=7fdbfff2 op=1 expected=7fc00000 got=ff800000
    a=1.6377513e-05 b=nan op=1 expected=nan got=-inf
FAIL: a=efacece5 b=fff964d8 op=0 expected=7fc00000 got=ff800000
    a=-1.07035619e+29 b=nan op=0 expected=nan got=-inf
FAIL: a=ffda2240 b=53c49e34 op=0 expected=7fc00000 got=ff800000
    a=nan b=1.6889356e+12 op=0 expected=nan got=-inf
FAIL: a=7fe5508d b=5f45d583 op=0 expected=7fc00000 got=7f800000
    a=nan b=1.42554442e+19 op=0 expected=nan got=inf
FAIL: a=9783c594 b=ffc3544b op=0 expected=7fc00000 got=ff800000
    a=-8.51555231e-25 b=nan op=0 expected=nan got=-inf
FAIL: a=3ea00bc9 b=ffda1e47 op=0 expected=7fc00000 got=ff800000
    a=0.312589914 b=nan op=0 expected=nan got=-inf
FAIL: a=7fcd2e54 b=c4486bf2 op=1 expected=7fc00000 got=7f800000
    a=nan b=-801.686646 op=1 expected=nan got=inf
FAIL: a=7fd2442c b=c550d883 op=0 expected=7fc00000 got=7f800000
    a=nan b=-3341.53198 op=0 expected=nan got=inf
FAIL: a=4dace328 b=7fd7deab op=1 expected=7fc00000 got=ff800000
    a=362571008.0 b=nan op=1 expected=nan got=-inf
FAIL: a=ffdae228 b=6fdd93b3 op=1 expected=7fc00000 got=ff800000
    a=nan b=1.37149489e+29 op=1 expected=nan got=-inf
FAIL: a=ffd5c31e b=05dd0e84 op=1 expected=7fc00000 got=ff800000
    a=nan b=2.07880723e-35 op=1 expected=nan got=-inf
FAIL: a=55a9a089 b=ffd0e7ab op=0 expected=7fc00000 got=ff800000
    a=2.33133698e+13 b=nan op=0 expected=nan got=-inf
FAIL: a=90f5c12a b=7ffc4f4d op=1 expected=7fc00000 got=ff800000
    a=-9.69330773e-29 b=nan op=1 expected=nan got=-inf
FAIL: a=7ffea975 b=49c926d5 op=0 expected=7fc00000 got=7f800000
    a=nan b=1647834.62 op=0 expected=nan got=inf
FAIL: a=7fe0b365 b=c79d7f07 op=1 expected=7fc00000 got=7f800000
    a=nan b=-80638.0547 op=1 expected=nan got=inf
FAIL: a=dd90bb96 b=ffe4406b op=1 expected=7fc00000 got=7f800000
    a=-1.30363679e+18 b=nan op=1 expected=nan got=inf
FAIL: a=7fff4eed b=ca78641b op=0 expected=7fc00000 got=7f800000
    a=nan b=-4069638.75 op=0 expected=nan got=inf
FAIL: a=8fb58724 b=7fed5fa3 op=0 expected=7fc00000 got=7f800000
    a=-1.79000323e-29 b=nan op=0 expected=nan got=inf
FAIL: a=7fc5ea02 b=0e68a6c6 op=1 expected=7fc00000 got=7f800000
    a=nan b=2.86765063e-30 op=1 expected=nan got=inf
FAIL: a=747a31ee b=ffd48625 op=0 expected=7fc00000 got=ff800000
    a=7.92899725e+31 b=nan op=0 expected=nan got=-inf
FAIL: a=17259e51 b=ffdd87ba op=1 expected=7fc00000 got=7f800000
    a=5.35141988e-25 b=nan op=1 expected=nan got=inf
FAIL: a=d78f1b5a b=ffe27046 op=1 expected=7fc00000 got=7f800000
    a=-3.14695274e+14 b=nan op=1 expected=nan got=inf
FAIL: a=7fed1022 b=71a9d36d op=0 expected=7fc00000 got=7f800000
    a=nan b=1.68187407e+30 op=0 expected=nan got=inf
FAIL: a=ffe8fd74 b=84c19262 op=1 expected=7fc00000 got=ff800000
    a=nan b=-4.55085133e-36 op=1 expected=nan got=-inf
FAIL: a=7fff8d5d b=3926adee op=0 expected=7fc00000 got=7f800000
    a=nan b=0.000158957875 op=0 expected=nan got=inf
FAIL: a=7ff72f05 b=68dff546 op=1 expected=7fc00000 got=7f800000
    a=nan b=8.46089778e+24 op=1 expected=nan got=inf
FAIL: a=ffc8a4c6 b=65362054 op=1 expected=7fc00000 got=ff800000
    a=nan b=5.37541905e+22 op=1 expected=nan got=-inf
FAIL: a=ffebe7e1 b=f5772a15 op=0 expected=7fc00000 got=ff800000
    a=nan b=-3.13318078e+32 op=0 expected=nan got=-inf
FAIL: a=ffe06326 b=271b6d2c op=0 expected=7fc00000 got=ff800000
    a=nan b=2.15697533e-15 op=0 expected=nan got=-inf
FAIL: a=7feb489c b=ad6cc8c7 op=1 expected=7fc00000 got=7f800000
    a=nan b=-1.34596284e-11 op=1 expected=nan got=inf
FAIL: a=b2f85572 b=7ffdbf42 op=0 expected=7fc00000 got=7f800000
    a=-2.89098558e-08 b=nan op=0 expected=nan got=inf
FAIL: a=7fd53d4b b=a96024ba op=1 expected=7fc00000 got=7f800000
    a=nan b=-4.97698467e-14 op=1 expected=nan got=inf
FAIL: a=6af41e87 b=7fed2312 op=1 expected=7fc00000 got=ff800000
    a=1.47561031e+26 b=nan op=1 expected=nan got=-inf
FAIL: a=c5f82302 b=7fec878e op=1 expected=7fc00000 got=ff800000
    a=-7940.37598 b=nan op=1 expected=nan got=-inf
FAIL: a=ffe33193 b=7724dc50 op=0 expected=7fc00000 got=ff800000
    a=nan b=3.34377013e+33 op=0 expected=nan got=-inf
FAIL: a=0568867c b=7ffa845b op=1 expected=7fc00000 got=ff800000
    a=1.09332885e-35 b=nan op=1 expected=nan got=-inf
FAIL: a=7fe64af9 b=c514aa1e op=0 expected=7fc00000 got=7f800000
    a=nan b=-2378.63232 op=0 expected=nan got=inf
FAIL: a=e43c2a90 b=7ffffdb8 op=0 expected=7fc00000 got=7f800000
    a=-1.38842193e+22 b=nan op=0 expected=nan got=inf
FAIL: a=ffff1989 b=e0860165 op=1 expected=7fc00000 got=ff800000
    a=nan b=-7.7248881e+19 op=1 expected=nan got=-inf
FAIL: a=6b710805 b=7fe73dfc op=1 expected=7fc00000 got=ff800000
    a=2.91388994e+26 b=nan op=1 expected=nan got=-inf
FAIL: a=7871c75c b=7fc36521 op=1 expected=7fc00000 got=ff800000
    a=1.96154224e+34 b=nan op=1 expected=nan got=-inf
FAIL: a=047de0d9 b=7fcfd5ba op=1 expected=7fc00000 got=ff800000
    a=2.98432521e-36 b=nan op=1 expected=nan got=-inf
FAIL: a=7fc3fc5c b=3f9c8633 op=1 expected=7fc00000 got=7f800000
    a=nan b=1.22284544 op=1 expected=nan got=inf
FAIL: a=359546f9 b=ffcac146 op=0 expected=7fc00000 got=ff800000
    a=1.11220209e-06 b=nan op=0 expected=nan got=-inf
FAIL: a=3fbb0013 b=fff8c08a op=1 expected=7fc00000 got=7f800000
    a=1.46093976 b=nan op=1 expected=nan got=inf
FAIL: a=bb2a8bde b=7ffb4bda op=1 expected=7fc00000 got=ff800000
    a=-0.00260233087 b=nan op=1 expected=nan got=-inf
FAIL: a=928d52e0 b=ffd4faac op=0 expected=7fc00000 got=ff800000
    a=-8.91878128e-28 b=nan op=0 expected=nan got=-inf
FAIL: a=f91e3184 b=7ffcad08 op=0 expected=7fc00000 got=7f800000
    a=-5.13367e+34 b=nan op=0 expected=nan got=inf
FAIL: a=c20ff74f b=ffc0d352 op=1 expected=7fc00000 got=7f800000
    a=-35.9915123 b=nan op=1 expected=nan got=inf
FAIL: a=a8c14ace b=7ffdb086 op=0 expected=7fc00000 got=7f800000
    a=-2.14597457e-14 b=nan op=0 expected=nan got=inf
FAIL: a=716ef744 b=7febdc6f op=1 expected=7fc00000 got=ff800000
    a=1.18330173e+30 b=nan op=1 expected=nan got=-inf
FAIL: a=34bc80dc b=7fe51d25 op=0 expected=7fc00000 got=7f800000
    a=3.51114863e-07 b=nan op=0 expected=nan got=inf
FAIL: a=ffebecab b=463a9de7 op=1 expected=7fc00000 got=ff800000
    a=nan b=11943.4756 op=1 expected=nan got=-inf
FAIL: a=274296fc b=fff51db3 op=1 expected=7fc00000 got=7f800000
    a=2.70047571e-15 b=nan op=1 expected=nan got=inf
FAIL: a=314ec5f3 b=7fd6d3e3 op=0 expected=7fc00000 got=7f800000
    a=3.00894665e-09 b=nan op=0 expected=nan got=inf
FAIL: a=920bbda1 b=ffe5be0d op=0 expected=7fc00000 got=ff800000
    a=-4.4094402e-28 b=nan op=0 expected=nan got=-inf
FAIL: a=bb9ae4b2 b=7fddc258 op=0 expected=7fc00000 got=7f800000
    a=-0.00472696964 b=nan op=0 expected=nan got=inf
FAIL: a=7fc0401f b=5b808a5d op=0 expected=7fc00000 got=7f800000
    a=nan b=7.23618581e+16 op=0 expected=nan got=inf
FAIL: a=0e66e709 b=7fe16d2d op=0 expected=7fc00000 got=7f800000
    a=2.84609282e-30 b=nan op=0 expected=nan got=inf
FAIL: a=7d427589 b=7fd3072f op=1 expected=7fc00000 got=ff800000
    a=1.61550318e+37 b=nan op=1 expected=nan got=-inf
FAIL: a=75724a83 b=7fd9d368 op=0 expected=7fc00000 got=7f800000
    a=3.07140409e+32 b=nan op=0 expected=nan got=inf
FAIL: a=ffeb4576 b=5cbd6e04 op=1 expected=7fc00000 got=ff800000
    a=nan b=4.26557872e+17 op=1 expected=nan got=-inf
FAIL: a=79841d8c b=ffdd48e7 op=0 expected=7fc00000 got=ff800000
    a=8.57478084e+34 b=nan op=0 expected=nan got=-inf
FAIL: a=5e40679b b=ffe63280 op=0 expected=7fc00000 got=ff800000
    a=3.4660551e+18 b=nan op=0 expected=nan got=-inf
FAIL: a=7feda75b b=f2bebefa op=1 expected=7fc00000 got=7f800000
    a=nan b=-7.55622763e+30 op=1 expected=nan got=inf
FAIL: a=444c5943 b=ffe86929 op=1 expected=7fc00000 got=7f800000
    a=817.394714 b=nan op=1 expected=nan got=inf
FAIL: a=03336876 b=7fdd2399 op=1 expected=7fc00000 got=ff800000
    a=5.27232875e-37 b=nan op=1 expected=nan got=-inf
FAIL: a=ffc68f6e b=e9575401 op=1 expected=7fc00000 got=ff800000
    a=nan b=-1.62697343e+25 op=1 expected=nan got=-inf
FAIL: a=683ac7a1 b=ffd25376 op=0 expected=7fc00000 got=ff800000
    a=3.52817068e+24 b=nan op=0 expected=nan got=-inf
FAIL: a=ffe300c6 b=ba8a0f5d op=1 expected=7fc00000 got=ff800000
    a=nan b=-0.00105331431 op=1 expected=nan got=-inf
FAIL: a=ffeb8544 b=cc2206ff op=0 expected=7fc00000 got=ff800000
    a=nan b=-42474492.0 op=0 expected=nan got=-inf
FAIL: a=fff6aa4a b=e2b70882 op=1 expected=7fc00000 got=ff800000
    a=nan b=-1.68818361e+21 op=1 expected=nan got=-inf
FAIL: a=ffd60224 b=5f5f9301 op=1 expected=7fc00000 got=ff800000
    a=nan b=1.61102214e+19 op=1 expected=nan got=-inf
FAIL: a=ffcd416d b=d615d588 op=0 expected=7fc00000 got=ff800000
    a=nan b=-4.11860856e+13 op=0 expected=nan got=-inf
FAIL: a=4b660282 b=ffd10c9c op=0 expected=7fc00000 got=ff800000
    a=15073922.0 b=nan op=0 expected=nan got=-inf
FAIL: a=7fec1f9f b=a88947ba op=1 expected=7fc00000 got=7f800000
    a=nan b=-1.52411619e-14 op=1 expected=nan got=inf
FAIL: a=bcdf8634 b=ffe42b13 op=0 expected=7fc00000 got=ff800000
    a=-0.0272856727 b=nan op=0 expected=nan got=-inf
FAIL: a=27f04949 b=7fd8f022 op=0 expected=7fc00000 got=7f800000
    a=6.66928374e-15 b=nan op=0 expected=nan got=inf
FAIL: a=6f3d884f b=7ffa7371 op=1 expected=7fc00000 got=ff800000
    a=5.86574538e+28 b=nan op=1 expected=nan got=-inf
FAIL: a=ffec8059 b=b709ff31 op=0 expected=7fc00000 got=ff800000
    a=nan b=-8.22525271e-06 op=0 expected=nan got=-inf
FAIL: a=561e44b3 b=ffc14c31 op=0 expected=7fc00000 got=ff800000
    a=4.35044745e+13 b=nan op=0 expected=nan got=-inf
FAIL: a=9b55b093 b=7ff3d8af op=1 expected=7fc00000 got=ff800000
    a=-1.76760013e-22 b=nan op=1 expected=nan got=-inf
FAIL: a=baf074ce b=7fdd9506 op=0 expected=7fc00000 got=7f800000
    a=-0.00183453574 b=nan op=0 expected=nan got=inf
FAIL: a=7fd7391a b=52a02ee7 op=0 expected=7fc00000 got=7f800000
    a=nan b=3.43990829e+11 op=0 expected=nan got=inf
FAIL: a=ffcbd421 b=7a368c7f op=0 expected=7fc00000 got=ff800000
    a=nan b=2.36961907e+35 op=0 expected=nan got=-inf
FAIL: a=a7c42457 b=7fdf8ffb op=0 expected=7fc00000 got=7f800000
    a=-5.44403279e-15 b=nan op=0 expected=nan got=inf
FAIL: a=7fd5da01 b=2e96b03a op=0 expected=7fc00000 got=7f800000
    a=nan b=6.85251439e-11 op=0 expected=nan got=inf
FAIL: a=7fc0662f b=4e93a72c op=1 expected=7fc00000 got=7f800000
    a=nan b=1.23860326e+09 op=1 expected=nan got=inf
FAIL: a=58184db8 b=7fefa9ca op=1 expected=7fc00000 got=ff800000
    a=6.69838268e+14 b=nan op=1 expected=nan got=-inf
FAIL: a=7ffa743f b=6265d5c2 op=0 expected=7fc00000 got=7f800000
    a=nan b=1.05992682e+21 op=0 expected=nan got=inf
FAIL: a=8f20928b b=ffc2b33a op=0 expected=7fc00000 got=ff800000
    a=-7.9168322e-30 b=nan op=0 expected=nan got=-inf
FAIL: a=7fe19259 b=88340bac op=0 expected=7fc00000 got=7f800000
    a=nan b=-5.41804999e-34 op=0 expected=nan got=inf
FAIL: a=01fff4a4 b=ffc891ad op=1 expected=7fc00000 got=7f800000
    a=9.40232482e-38 b=nan op=1 expected=nan got=inf
FAIL: a=40922337 b=7fd115f2 op=0 expected=7fc00000 got=7f800000
    a=4.56679869 b=nan op=0 expected=nan got=inf
FAIL: a=a6972826 b=7fc55754 op=0 expected=7fc00000 got=7f800000
    a=-1.04886121e-15 b=nan op=0 expected=nan got=inf
FAIL: a=ffde8748 b=8a597a1a op=0 expected=7fc00000 got=ff800000
    a=nan b=-1.04711347e-32 op=0 expected=nan got=-inf
FAIL: a=9003ff77 b=fff0014f op=0 expected=7fc00000 got=ff800000
    a=-2.60319976e-29 b=nan op=0 expected=nan got=-inf
FAIL: a=800964ad b=7fdd779d op=0 expected=7fc00000 got=7f800000
    a=-8.62635131e-40 b=nan op=0 expected=nan got=inf
FAIL: a=2d2d9ea7 b=7ffadd00 op=0 expected=7fc00000 got=7f800000
    a=9.86913936e-12 b=nan op=0 expected=nan got=inf
FAIL: a=7fccf860 b=33002f68 op=1 expected=7fc00000 got=7f800000
    a=nan b=2.98454381e-08 op=1 expected=nan got=inf
FAIL: a=ffc6a87b b=7a18a677 op=0 expected=7fc00000 got=ff800000
    a=nan b=1.98151358e+35 op=0 expected=nan got=-inf
FAIL: a=267c87b5 b=ffedd9b9 op=1 expected=7fc00000 got=7f800000
    a=8.76139805e-16 b=nan op=1 expected=nan got=inf
FAIL: a=d3e65264 b=ffca5c64 op=1 expected=7fc00000 got=7f800000
    a=-1.97844953e+12 b=nan op=1 expected=nan got=inf
FAIL: a=fff20df7 b=d1140b69 op=0 expected=7fc00000 got=ff800000
    a=nan b=-3.97404119e+10 op=0 expected=nan got=-inf
FAIL: a=7fcf45e7 b=47e98389 op=1 expected=7fc00000 got=7f800000
    a=nan b=119559.07 op=1 expected=nan got=inf
FAIL: a=ffc9e17f b=aebe1123 op=0 expected=7fc00000 got=ff800000
    a=nan b=-8.64324376e-11 op=0 expected=nan got=-inf
FAIL: a=fff8ef2c b=c4c509fd op=0 expected=7fc00000 got=ff800000
    a=nan b=-1576.31213 op=0 expected=nan got=-inf
FAIL: a=d85ce921 b=fff27f3b op=0 expected=7fc00000 got=ff800000
    a=-9.71575357e+14 b=nan op=0 expected=nan got=-inf
FAIL: a=ffded634 b=3230c3d8 op=0 expected=7fc00000 got=ff800000
    a=nan b=1.0289078e-08 op=0 expected=nan got=-inf
FAIL: a=7fc2edc0 b=072b91be op=1 expected=7fc00000 got=7f800000
    a=nan b=1.290744e-34 op=1 expected=nan got=inf
FAIL: a=a8da0083 b=7fc972b6 op=1 expected=7fc00000 got=ff800000
    a=-2.42030839e-14 b=nan op=1 expected=nan got=-inf
FAIL: a=c1efebc6 b=7ff391f5 op=1 expected=7fc00000 got=ff800000
    a=-29.9901237 b=nan op=1 expected=nan got=-inf
FAIL: a=ffc72e77 b=3df741a0 op=0 expected=7fc00000 got=ff800000
    a=nan b=0.120730639 op=0 expected=nan got=-inf
FAIL: a=7ff91689 b=70b0a006 op=0 expected=7fc00000 got=7f800000
    a=nan b=4.37302546e+29 op=0 expected=nan got=inf
FAIL: a=6acd9d3e b=ffcbf935 op=0 expected=7fc00000 got=ff800000
    a=1.24286174e+26 b=nan op=0 expected=nan got=-inf
FAIL: a=7afd7694 b=ffd4838f op=1 expected=7fc00000 got=7f800000
    a=6.58028078e+35 b=nan op=1 expected=nan got=inf
FAIL: a=fff4b097 b=c3989283 op=0 expected=7fc00000 got=ff800000
    a=nan b=-305.144623 op=0 expected=nan got=-inf
FAIL: a=9e78c7cc b=7fe3d2c8 op=1 expected=7fc00000 got=ff800000
    a=-1.31703277e-20 b=nan op=1 expected=nan got=-inf
FAIL: a=1b85a246 b=7ff084db op=1 expected=7fc00000 got=ff800000
    a=2.2107871e-22 b=nan op=1 expected=nan got=-inf
FAIL: a=ffdf337c b=e0f8820b op=0 expected=7fc00000 got=ff800000
    a=nan b=-1.43255097e+20 op=0 expected=nan got=-inf
FAIL: a=375b7251 b=ffe32c5f op=1 expected=7fc00000 got=7f800000
    a=1.30800336e-05 b=nan op=1 expected=nan got=inf
FAIL: a=361fc442 b=7ff54d17 op=1 expected=7fc00000 got=ff800000
    a=2.38070834e-06 b=nan op=1 expected=nan got=-inf
FAIL: a=621414ea b=ffd1100d op=0 expected=7fc00000 got=ff800000
    a=6.82906285e+20 b=nan op=0 expected=nan got=-inf
FAIL: a=7fc14804 b=03e29971 op=1 expected=7fc00000 got=7f800000
    a=nan b=1.33183146e-36 op=1 expected=nan got=inf
FAIL: a=10e5d9ed b=ffdec749 op=0 expected=7fc00000 got=ff800000
    a=9.06603415e-29 b=nan op=0 expected=nan got=-inf
FAIL: a=1c3efddd b=7fde5771 op=0 expected=7fc00000 got=7f800000
    a=6.31938372e-22 b=nan op=0 expected=nan got=inf
FAIL: a=108ebeb2 b=fffd3b33 op=0 expected=7fc00000 got=ff800000
    a=5.63029369e-29 b=nan op=0 expected=nan got=-inf
FAIL: a=b668496a b=7ff77f3a op=0 expected=7fc00000 got=7f800000
    a=-3.46134266e-06 b=nan op=0 expected=nan got=inf
FAIL: a=ffe10f55 b=0ab9b380 op=1 expected=7fc00000 got=ff800000
    a=nan b=1.78823724e-32 op=1 expected=nan got=-inf
FAIL: a=7fc9ea46 b=8dc07929 op=0 expected=7fc00000 got=7f800000
    a=nan b=-1.18620818e-30 op=0 expected=nan got=inf
FAIL: a=26e9cd5e b=7fdb2336 op=1 expected=7fc00000 got=ff800000
    a=1.62232877e-15 b=nan op=1 expected=nan got=-inf
FAIL: a=1cebabc8 b=ffeaf937 op=1 expected=7fc00000 got=7f800000
    a=1.55953999e-21 b=nan op=1 expected=nan got=inf
FAIL: a=ac6ed0b7 b=fffbec20 op=0 expected=7fc00000 got=ff800000
    a=-3.39376942e-12 b=nan op=0 expected=nan got=-inf
FAIL: a=ffffa66b b=a239b875 op=0 expected=7fc00000 got=ff800000
    a=nan b=-2.5169826e-18 op=0 expected=nan got=-inf
FAIL: a=a1d9d41f b=7fff205a op=0 expected=7fc00000 got=7f800000
    a=-1.476064e-18 b=nan op=0 expected=nan got=inf
FAIL: a=7fdd8512 b=cfdab2c4 op=1 expected=7fc00000 got=7f800000
    a=nan b=-7.33829734e+09 op=1 expected=nan got=inf
FAIL: a=fff6ed1e b=a94f7ea1 op=1 expected=7fc00000 got=ff800000
    a=nan b=-4.60730663e-14 op=1 expected=nan got=-inf
FAIL: a=7feb173d b=064ad079 op=0 expected=7fc00000 got=7f800000
    a=nan b=3.81451389e-35 op=0 expected=nan got=inf
FAIL: a=ffd1b28a b=d96ce893 op=0 expected=7fc00000 got=ff800000
    a=nan b=-4.16773829e+15 op=0 expected=nan got=-inf
FAIL: a=fffda6f6 b=304849c7 op=1 expected=7fc00000 got=ff800000
    a=nan b=7.28644201e-10 op=1 expected=nan got=-inf
FAIL: a=7d24980b b=7fdda244 op=0 expected=7fc00000 got=7f800000
    a=1.36739277e+37 b=nan op=0 expected=nan got=inf
FAIL: a=ffe0aa8e b=fc5a2b8b op=0 expected=7fc00000 got=ff800000
    a=nan b=-4.53121549e+36 op=0 expected=nan got=-inf
FAIL: a=ffc4545b b=ced32735 op=1 expected=7fc00000 got=ff800000
    a=nan b=-1.77128102e+09 op=1 expected=nan got=-inf
FAIL: a=7fca8810 b=aab58da8 op=0 expected=7fc00000 got=7f800000
    a=nan b=-3.22503526e-13 op=0 expected=nan got=inf
FAIL: a=8057f7e0 b=ffcbbd87 op=1 expected=7fc00000 got=7f800000
    a=-8.07860896e-39 b=nan op=1 expected=nan got=inf
FAIL: a=00dcc1d8 b=7fd2b7ab op=0 expected=7fc00000 got=7f800000
    a=2.02733472e-38 b=nan op=0 expected=nan got=inf
FAIL: a=f0b8e5fb b=7ffeab7f op=0 expected=7fc00000 got=7f800000
    a=-4.57786169e+29 b=nan op=0 expected=nan got=inf
FAIL: a=7fc1ea65 b=fc25bf4d op=0 expected=7fc00000 got=7f800000
    a=nan b=-3.44243609e+36 op=0 expected=nan got=inf
FAIL: a=a65b67ee b=ffe2e540 op=0 expected=7fc00000 got=ff800000
    a=-7.61217392e-16 b=nan op=0 expected=nan got=-inf
FAIL: a=ceef1028 b=7ff8271b op=1 expected=7fc00000 got=ff800000
    a=-2.00540672e+09 b=nan op=1 expected=nan got=-inf
FAIL: a=ffecfe8f b=fd37cd59 op=0 expected=7fc00000 got=ff800000
    a=nan b=-1.52696843e+37 op=0 expected=nan got=-inf
FAIL: a=fff8cf74 b=8fb38de6 op=1 expected=7fc00000 got=ff800000
    a=nan b=-1.770542e-29 op=1 expected=nan got=-inf
FAIL: a=d166c541 b=ffea4c23 op=1 expected=7fc00000 got=7f800000
    a=-6.19469906e+10 b=nan op=1 expected=nan got=inf
FAIL: a=2fd654d0 b=7fe11416 op=1 expected=7fc00000 got=ff800000
    a=3.89866361e-10 b=nan op=1 expected=nan got=-inf
FAIL: a=fdb6fac3 b=ffd7045a op=0 expected=7fc00000 got=ff800000
    a=-3.04026906e+37 b=nan op=0 expected=nan got=-inf
FAIL: a=ffc94b44 b=300421cb op=1 expected=7fc00000 got=ff800000
    a=nan b=4.8069343e-10 op=1 expected=nan got=-inf
FAIL: a=fff8173f b=2e90dadf op=0 expected=7fc00000 got=ff800000
    a=nan b=6.58724117e-11 op=0 expected=nan got=-inf
FAIL: a=ffd47ce1 b=7ae3cd5f op=0 expected=7fc00000 got=ff800000
    a=nan b=5.91408404e+35 op=0 expected=nan got=-inf
FAIL: a=7fda8813 b=b6724d95 op=1 expected=7fc00000 got=7f800000
    a=nan b=-3.61059688e-06 op=1 expected=nan got=inf
FAIL: a=ffee8c2f b=b2ee7ffb op=1 expected=7fc00000 got=ff800000
    a=nan b=-2.77650454e-08 op=1 expected=nan got=-inf
FAIL: a=c65dbf67 b=7fe92f9e op=0 expected=7fc00000 got=7f800000
    a=-14191.8506 b=nan op=0 expected=nan got=inf
FAIL: a=7ffbdbcd b=6eccb0b5 op=1 expected=7fc00000 got=7f800000
    a=nan b=3.16742838e+28 op=1 expected=nan got=inf
FAIL: a=7fe86911 b=f13d2b15 op=0 expected=7fc00000 got=7f800000
    a=nan b=-9.36715997e+29 op=0 expected=nan got=inf
FAIL: a=ffe055a9 b=611c6f2c op=0 expected=7fc00000 got=ff800000
    a=nan b=1.80356428e+20 op=0 expected=nan got=-inf
FAIL: a=af6faef2 b=7fcd7b28 op=1 expected=7fc00000 got=ff800000
    a=-2.17990764e-10 b=nan op=1 expected=nan got=-inf
FAIL: a=fff3a4cc b=4a24d420 op=1 expected=7fc00000 got=ff800000
    a=nan b=2700552.0 op=1 expected=nan got=-inf
FAIL: a=7fe4721e b=6b718e11 op=1 expected=7fc00000 got=7f800000
    a=nan b=2.92022012e+26 op=1 expected=nan got=inf
FAIL: a=7fe8e78f b=500d5331 op=0 expected=7fc00000 got=7f800000
    a=nan b=9.48415795e+09 op=0 expected=nan got=inf
FAIL: a=7fd5775c b=71eba556 op=1 expected=7fc00000 got=7f800000
    a=nan b=2.3337234e+30 op=1 expected=nan got=inf
FAIL: a=ffe69e9d b=18fd0fd8 op=1 expected=7fc00000 got=ff800000
    a=nan b=6.54149653e-24 op=1 expected=nan got=-inf
FAIL: a=bc28c3b4 b=7fd5e8d7 op=0 expected=7fc00000 got=7f800000
    a=-0.0103005655 b=nan op=0 expected=nan got=inf
FAIL: a=098d79d4 b=7fe786eb op=0 expected=7fc00000 got=7f800000
    a=3.40590819e-33 b=nan op=0 expected=nan got=inf
FAIL: a=609f40e1 b=ffcbfe9d op=0 expected=7fc00000 got=ff800000
    a=9.18033539e+19 b=nan op=0 expected=nan got=-inf
FAIL: a=ae6a1ac6 b=ffe562c6 op=0 expected=7fc00000 got=ff800000
    a=-5.32292196e-11 b=nan op=0 expected=nan got=-inf
FAIL: a=ffff26be b=230dc007 op=0 expected=7fc00000 got=ff800000
    a=nan b=7.68428869e-18 op=0 expected=nan got=-inf
FAIL: a=7fccd25d b=f8102619 op=1 expected=7fc00000 got=7f800000
    a=nan b=-1.16947416e+34 op=1 expected=nan got=inf
FAIL: a=c0c1b1ac b=7fed01ea op=1 expected=7fc00000 got=ff800000
    a=-6.05293846 b=nan op=1 expected=nan got=-inf
FAIL: a=b102d497 b=ffed4286 op=1 expected=7fc00000 got=7f800000
    a=-1.90383331e-09 b=nan op=1 expected=nan got=inf
FAIL: a=eec65e4e b=7ffad9e5 op=0 expected=7fc00000 got=7f800000
    a=-3.06960197e+28 b=nan op=0 expected=nan got=inf
FAIL: a=49712f23 b=7fd97e79 op=1 expected=7fc00000 got=ff800000
    a=987890.188 b=nan op=1 expected=nan got=-inf
FAIL: a=fffc9842 b=3606266d op=0 expected=7fc00000 got=ff800000
    a=nan b=1.99899227e-06 op=0 expected=nan got=-inf
FAIL: a=a8875bb2 b=ffc7b5c4 op=0 expected=7fc00000 got=ff800000
    a=-1.50277773e-14 b=nan op=0 expected=nan got=-inf
FAIL: a=e95dff17 b=ffe4456f op=1 expected=7fc00000 got=7f800000
    a=-1.67735771e+25 b=nan op=1 expected=nan got=inf
FAIL: a=7fd70dcc b=8d7025c5 op=0 expected=7fc00000 got=7f800000
    a=nan b=-7.40011733e-31 op=0 expected=nan got=inf
FAIL: a=ffdf28c5 b=fe4de406 op=1 expected=7fc00000 got=ff800000
    a=nan b=-6.84189261e+37 op=1 expected=nan got=-inf
FAIL: a=18596f70 b=7fc1555c op=0 expected=7fc00000 got=7f800000
    a=2.81028542e-24 b=nan op=0 expected=nan got=inf
FAIL: a=ffe9345c b=6e53987f op=0 expected=7fc00000 got=ff800000
    a=nan b=1.63714234e+28 op=0 expected=nan got=-inf
FAIL: a=c5335b4f b=7fd0f672 op=0 expected=7fc00000 got=7f800000
    a=-2869.70679 b=nan op=0 expected=nan got=inf
FAIL: a=e0a71508 b=7ffc1f93 op=1 expected=7fc00000 got=ff800000
    a=-9.63163038e+19 b=nan op=1 expected=nan got=-inf
FAIL: a=ffe239b9 b=df6423e8 op=1 expected=7fc00000 got=ff800000
    a=nan b=-1.64392382e+19 op=1 expected=nan got=-inf
FAIL: a=09034b0a b=7fc52d67 op=1 expected=7fc00000 got=ff800000
    a=1.58038346e-33 b=nan op=1 expected=nan got=-inf
FAIL: a=4c412b1c b=7ffe2f61 op=1 expected=7fc00000 got=ff800000
    a=50637936.0 b=nan op=1 expected=nan got=-inf
FAIL: a=61260e0c b=ffe8778c op=0 expected=7fc00000 got=ff800000
    a=1.91448231e+20 b=nan op=0 expected=nan got=-inf
FAIL: a=a3c3470c b=ffef9d42 op=0 expected=7fc00000 got=ff800000
    a=-2.11720319e-17 b=nan op=0 expected=nan got=-inf
FAIL: a=fff4e8f0 b=fe2da3e5 op=0 expected=7fc00000 got=80054eb6
    a=nan b=-5.77018581e+37 op=0 expected=nan got=-4.87413645e-40
FAIL: a=7fd3cba9 b=0789097d op=1 expected=7fc00000 got=7f800000
    a=nan b=2.06190456e-34 op=1 expected=nan got=inf
FAIL: a=3bfea70c b=7feb29a4 op=0 expected=7fc00000 got=7f800000
    a=0.00777137838 b=nan op=0 expected=nan got=inf
FAIL: a=7ff0d393 b=4df7391e op=1 expected=7fc00000 got=7f800000
    a=nan b=518464448.0 op=1 expected=nan got=inf
FAIL: a=ffdfd8c6 b=883b4637 op=1 expected=7fc00000 got=ff800000
    a=nan b=-5.63558027e-34 op=1 expected=nan got=-inf
FAIL: a=ffdea3cf b=ef211da1 op=0 expected=7fc00000 got=ff800000
    a=nan b=-4.98629057e+28 op=0 expected=nan got=-inf
FAIL: a=7fc425a6 b=58c8b124 op=0 expected=7fc00000 got=7f800000
    a=nan b=1.76530511e+15 op=0 expected=nan got=inf
FAIL: a=7fe057fb b=7c005d5a op=1 expected=7fc00000 got=7f800000
    a=nan b=2.66602957e+36 op=1 expected=nan got=inf
FAIL: a=ff190467 b=7fd3f65d op=1 expected=7fc00000 got=80103c48
    a=-2.03394742e+38 b=nan op=1 expected=nan got=-1.49099278e-39
FAIL: a=c955a456 b=7fdeddd0 op=1 expected=7fc00000 got=ff800000
    a=-875077.375 b=nan op=1 expected=nan got=-inf
FAIL: a=7fe622e8 b=1b1ca5f3 op=0 expected=7fc00000 got=7f800000
    a=nan b=1.29576386e-22 op=0 expected=nan got=inf
FAIL: a=3bea4e46 b=ffe7588a op=0 expected=7fc00000 got=ff800000
    a=0.0071504442 b=nan op=0 expected=nan got=-inf
FAIL: a=ffd02a04 b=fad37109 op=0 expected=7fc00000 got=ff800000
    a=nan b=-5.48933631e+35 op=0 expected=nan got=-inf
FAIL: a=351e268c b=ffeddfd0 op=1 expected=7fc00000 got=7f800000
    a=5.89156798e-07 b=nan op=1 expected=nan got=inf
FAIL: a=7fffd210 b=d4afb85b op=1 expected=7fc00000 got=7f800000
    a=nan b=-6.03769799e+12 op=1 expected=nan got=inf
FAIL: a=24d4e067 b=fff26ff9 op=1 expected=7fc00000 got=7f800000
    a=9.23204966e-17 b=nan op=1 expected=nan got=inf
FAIL: a=094714e7 b=7fc92b3f op=0 expected=7fc00000 got=7f800000
    a=2.39635819e-33 b=nan op=0 expected=nan got=inf
FAIL: a=b3c68f06 b=fff2643e op=0 expected=7fc00000 got=ff800000
    a=-9.2461093e-08 b=nan op=0 expected=nan got=-inf
FAIL: a=745f7e3f b=fffc74f7 op=1 expected=7fc00000 got=7f800000
    a=7.08278061e+31 b=nan op=1 expected=nan got=inf
FAIL: a=7fd63791 b=71561b20 op=1 expected=7fc00000 got=7f800000
    a=nan b=1.06020135e+30 op=1 expected=nan got=inf
FAIL: a=ffdab773 b=eded5828 op=1 expected=7fc00000 got=ff800000
    a=nan b=-9.18181521e+27 op=1 expected=nan got=-inf
FAIL: a=ffee7214 b=39015001 op=1 expected=7fc00000 got=ff800000
    a=nan b=0.000123322025 op=1 expected=nan got=-inf
FAIL: a=c1d2f6e3 b=ffd111d0 op=0 expected=7fc00000 got=ff800000
    a=-26.3705502 b=nan op=0 expected=nan got=-inf
FAIL: a=4ed47220 b=7fd05de8 op=0 expected=7fc00000 got=7f800000
    a=1.78212454e+09 b=nan op=0 expected=nan got=inf
FAIL: a=7fe618e9 b=9d378ada op=0 expected=7fc00000 got=7f800000
    a=nan b=-2.42916329e-21 op=0 expected=nan got=inf
FAIL: a=cb58cc7a b=ffc42245 op=1 expected=7fc00000 got=7f800000
    a=-14208122.0 b=nan op=1 expected=nan got=inf
FAIL: a=ffe5b42b b=f5935c8f op=0 expected=7fc00000 got=ff800000
    a=nan b=-3.73605932e+32 op=0 expected=nan got=-inf
FAIL: a=508ab0ae b=7fd720be op=0 expected=7fc00000 got=7f800000
    a=1.86146775e+10 b=nan op=0 expected=nan got=inf
FAIL: a=db1c6eaf b=7ff210fb op=0 expected=7fc00000 got=7f800000
    a=-4.40317943e+16 b=nan op=0 expected=nan got=inf
FAIL: a=ffcf47d8 b=0421d92f op=1 expected=7fc00000 got=ff800000
    a=nan b=1.90251849e-36 op=1 expected=nan got=-inf
FAIL: a=7fd115ef b=3f9f9a82 op=1 expected=7fc00000 got=7f800000
    a=nan b=1.2469027 op=1 expected=nan got=inf
FAIL: a=3037d25d b=7fe6cf57 op=1 expected=7fc00000 got=ff800000
    a=6.68739564e-10 b=nan op=1 expected=nan got=-inf
FAIL: a=fff655b9 b=82f27ef1 op=1 expected=7fc00000 got=ff800000
    a=nan b=-3.56315649e-37 op=1 expected=nan got=-inf
FAIL: a=c0dee08d b=7fd4fbf8 op=1 expected=7fc00000 got=ff800000
    a=-6.96491098 b=nan op=1 expected=nan got=-inf
FAIL: a=3c1a43ae b=ffdac418 op=0 expected=7fc00000 got=ff800000
    a=0.00941555016 b=nan op=0 expected=nan got=-inf
FAIL: a=ffcf7bde b=f242ced7 op=1 expected=7fc00000 got=ff800000
    a=nan b=-3.85856934e+30 op=1 expected=nan got=-inf
FAIL: a=441fa4a3 b=ffe0d8b5 op=1 expected=7fc00000 got=7f800000
    a=638.572449 b=nan op=1 expected=nan got=inf
FAIL: a=6d3940a2 b=fff3ea09 op=0 expected=7fc00000 got=ff800000
    a=3.58330394e+27 b=nan op=0 expected=nan got=-inf
FAIL: a=1766d122 b=7ffbb0f5 op=1 expected=7fc00000 got=ff800000
    a=7.45809709e-25 b=nan op=1 expected=nan got=-inf
FAIL: a=94c5c5fc b=ffc24aa7 op=0 expected=7fc00000 got=ff800000
    a=-1.99700077e-26 b=nan op=0 expected=nan got=-inf
FAIL: a=7ffa6b40 b=496fb923 op=0 expected=7fc00000 got=7f800000
    a=nan b=981906.188 op=0 expected=nan got=inf
FAIL: a=ed04ef60 b=fffd80a3 op=0 expected=7fc00000 got=ff800000
    a=-2.57133799e+27 b=nan op=0 expected=nan got=-inf
FAIL: a=f1a02b4d b=7ff70c1b op=1 expected=7fc00000 got=ff800000
    a=-1.58623837e+30 b=nan op=1 expected=nan got=-inf
FAIL: a=93945870 b=7fc41bbc op=0 expected=7fc00000 got=7f800000
    a=-3.74476586e-27 b=nan op=0 expected=nan got=inf
FAIL: a=dee43011 b=fff6ed95 op=1 expected=7fc00000 got=7f800000
    a=-8.22133047e+18 b=nan op=1 expected=nan got=inf
FAIL: a=ee0c0910 b=7fe2b201 op=1 expected=7fc00000 got=ff800000
    a=-1.08347143e+28 b=nan op=1 expected=nan got=-inf
FAIL: a=ffe89f63 b=332c0c0c op=1 expected=7fc00000 got=ff800000
    a=nan b=4.00578273e-08 op=1 expected=nan got=-inf
FAIL: a=abba57a1 b=7fe67804 op=0 expected=7fc00000 got=7f800000
    a=-1.32404168e-12 b=nan op=0 expected=nan got=inf
FAIL: a=7fde2d6b b=aa9bb96b op=0 expected=7fc00000 got=7f800000
    a=nan b=-2.76621906e-13 op=0 expected=nan got=inf
FAIL: a=f6c433fd b=7ffb43f2 op=1 expected=7fc00000 got=ff800000
    a=-1.98973561e+33 b=nan op=1 expected=nan got=-inf
FAIL: a=c119b5ab b=ffeaa1d0 op=0 expected=7fc00000 got=ff800000
    a=-9.60685253 b=nan op=0 expected=nan got=-inf
FAIL: a=665375e1 b=ffd44978 op=1 expected=7fc00000 got=7f800000
    a=2.49648452e+23 b=nan op=1 expected=nan got=inf
FAIL: a=fffef0fd b=cdab936e op=1 expected=7fc00000 got=ff800000
    a=nan b=-359820736.0 op=1 expected=nan got=-inf
FAIL: a=041c4bd1 b=7fd83649 op=0 expected=7fc00000 got=7f800000
    a=1.83725251e-36 b=nan op=0 expected=nan got=inf
FAIL: a=ffec78b3 b=52b11cae op=1 expected=7fc00000 got=ff800000
    a=nan b=3.80345188e+11 op=1 expected=nan got=-inf
FAIL: a=631a3a96 b=ffea32d5 op=0 expected=7fc00000 got=ff800000
    a=2.84502015e+21 b=nan op=0 expected=nan got=-inf
FAIL: a=ffce8489 b=f2862c8e op=0 expected=7fc00000 got=ff800000
    a=nan b=-5.31518139e+30 op=0 expected=nan got=-inf
FAIL: a=ffd9bd4f b=4d3dc080 op=0 expected=7fc00000 got=ff800000
    a=nan b=198969344.0 op=0 expected=nan got=-inf
FAIL: a=8ca34ca0 b=7fc1e283 op=1 expected=7fc00000 got=ff800000
    a=-2.51602435e-31 b=nan op=1 expected=nan got=-inf
FAIL: a=da029d5c b=7fcfdb93 op=1 expected=7fc00000 got=ff800000
    a=-9.19119136e+15 b=nan op=1 expected=nan got=-inf
FAIL: a=7feca45c b=0a4899d9 op=1 expected=7fc00000 got=7f800000
    a=nan b=9.65858525e-33 op=1 expected=nan got=inf
FAIL: a=7ff05a35 b=61a19ec0 op=1 expected=7fc00000 got=7f800000
    a=nan b=3.72670617e+20 op=1 expected=nan got=inf
FAIL: a=9e20bd8b b=ffdabe0b op=0 expected=7fc00000 got=ff800000
    a=-8.50952604e-21 b=nan op=0 expected=nan got=-inf
FAIL: a=ffff6b63 b=384a4758 op=1 expected=7fc00000 got=ff800000
    a=nan b=4.8226997e-05 op=1 expected=nan got=-inf
FAIL: a=ffdab8b1 b=e3f6c527 op=1 expected=7fc00000 got=ff800000
    a=nan b=-9.10421073e+21 op=1 expected=nan got=-inf
FAIL: a=ffc37ed2 b=cd4ce660 op=0 expected=7fc00000 got=ff800000
    a=nan b=-214853120.0 op=0 expected=nan got=-inf
FAIL: a=8d0e3aa4 b=7fdd289b op=1 expected=7fc00000 got=ff800000
    a=-4.38277144e-31 b=nan op=1 expected=nan got=-inf
FAIL: a=ffc363f0 b=58bc7ca5 op=0 expected=7fc00000 got=ff800000
    a=nan b=1.65794824e+15 op=0 expected=nan got=-inf
FAIL: a=ffdd84ae b=40a7f517 op=0 expected=7fc00000 got=ff800000
    a=nan b=5.24866819 op=0 expected=nan got=-inf
FAIL: a=7fd2def8 b=525eca9c op=1 expected=7fc00000 got=7f800000
    a=nan b=2.3922049e+11 op=1 expected=nan got=inf
FAIL: a=f920f279 b=7fe9e01e op=0 expected=7fc00000 got=7f800000
    a=-5.22303392e+34 b=nan op=0 expected=nan got=inf
FAIL: a=b8b7f26a b=7fc9a9ea op=1 expected=7fc00000 got=ff800000
    a=-8.77127313e-05 b=nan op=1 expected=nan got=-inf
FAIL: a=df254cd4 b=7fde2e82 op=0 expected=7fc00000 got=7f800000
    a=-1.19111282e+19 b=nan op=0 expected=nan got=inf
FAIL: a=7fe6eda3 b=3f431a0f op=0 expected=7fc00000 got=7f800000
    a=nan b=0.762116373 op=0 expected=nan got=inf
FAIL: a=7fde8242 b=9ba147ee op=0 expected=7fc00000 got=7f800000
    a=nan b=-2.66816992e-22 op=0 expected=nan got=inf
FAIL: a=7feeb844 b=477f514a op=1 expected=7fc00000 got=7f800000
    a=nan b=65361.2891 op=1 expected=nan got=inf
FAIL: a=806017dc b=ffcb6af3 op=1 expected=7fc00000 got=7f800000
    a=-8.82476676e-39 b=nan op=1 expected=nan got=inf
FAIL: a=7fd98e60 b=c6456928 op=0 expected=7fc00000 got=7f800000
    a=nan b=-12634.2891 op=0 expected=nan got=inf
FAIL: a=7fcb8de6 b=63b2a36e op=1 expected=7fc00000 got=7f800000
    a=nan b=6.59059359e+21 op=1 expected=nan got=inf
FAIL: a=7fe8351c b=fc15f2ec op=1 expected=7fc00000 got=7f800000
    a=nan b=-3.11431709e+36 op=1 expected=nan got=inf
FAIL: a=7fd45823 b=bf84f1f1 op=0 expected=7fc00000 got=7f800000
    a=nan b=-1.03863347 op=0 expected=nan got=inf
FAIL: a=7fcdb46c b=8461d85d op=1 expected=7fc00000 got=7f800000
    a=nan b=-2.6547972e-36 op=1 expected=nan got=inf
FAIL: a=ffca2220 b=23ecda5d op=1 expected=7fc00000 got=ff800000
    a=nan b=2.56796517e-17 op=1 expected=nan got=-inf
FAIL: a=7ffb9dbf b=0d284911 op=1 expected=7fc00000 got=7f800000
    a=nan b=5.18569474e-31 op=1 expected=nan got=inf
FAIL: a=b1963ae2 b=7fd34116 op=1 expected=7fc00000 got=ff800000
    a=-4.37226877e-09 b=nan op=1 expected=nan got=-inf
FAIL: a=ffc0f559 b=10c16ec2 op=0 expected=7fc00000 got=ff800000
    a=nan b=7.62957268e-29 op=0 expected=nan got=-inf
FAIL: a=828c6450 b=fffaa4a9 op=0 expected=7fc00000 got=ff800000
    a=-2.06287277e-37 b=nan op=0 expected=nan got=-inf
FAIL: a=ffe2c532 b=638c895f op=1 expected=7fc00000 got=ff800000
    a=nan b=5.1848856e+21 op=1 expected=nan got=-inf
FAIL: a=7fd03a3c b=d46fa532 op=1 expected=7fc00000 got=7f800000
    a=nan b=-4.1170748e+12 op=1 expected=nan got=inf
FAIL: a=b7a00382 b=fff8492d op=0 expected=7fc00000 got=ff800000
    a=-1.90751198e-05 b=nan op=0 expected=nan got=-inf
FAIL: a=dc2c01e2 b=7fe1caf8 op=1 expected=7fc00000 got=ff800000
    a=-1.93663065e+17 b=nan op=1 expected=nan got=-inf
FAIL: a=18df7d80 b=fff444c8 op=1 expected=7fc00000 got=7f800000
    a=5.77708716e-24 b=nan op=1 expected=nan got=inf
FAIL: a=7ff85d33 b=d794743b op=1 expected=7fc00000 got=7f800000
    a=nan b=-3.26453854e+14 op=1 expected=nan got=inf
FAIL: a=7c769cb6 b=ffe7ecc4 op=1 expected=7fc00000 got=7f800000
    a=5.12193401e+36 b=nan op=1 expected=nan got=inf
FAIL: a=adace732 b=fff15dfd op=0 expected=7fc00000 got=ff800000
    a=-1.96568074e-11 b=nan op=0 expected=nan got=-inf
FAIL: a=ffdd6b2e b=77232945 op=1 expected=7fc00000 got=ff800000
    a=nan b=3.30930247e+33 op=1 expected=nan got=-inf
FAIL: a=ffde288f b=f360ff50 op=0 expected=7fc00000 got=ff800000
    a=nan b=-1.78261238e+31 op=0 expected=nan got=-inf
FAIL: a=ffdd92de b=c744a13b op=1 expected=7fc00000 got=ff800000
    a=nan b=-50337.2305 op=1 expected=nan got=-inf
FAIL: a=fffd55b5 b=8a30446e op=1 expected=7fc00000 got=ff800000
    a=nan b=-8.48696195e-33 op=1 expected=nan got=-inf
FAIL: a=ffd12863 b=aa14ee21 op=0 expected=7fc00000 got=ff800000
    a=nan b=-1.32276582e-13 op=0 expected=nan got=-inf
FAIL: a=cb5a0f22 b=fff39cdb op=1 expected=7fc00000 got=7f800000
    a=-14290722.0 b=nan op=1 expected=nan got=inf
FAIL: a=9780134a b=7ff8fedf op=1 expected=7fc00000 got=ff800000
    a=-8.27667537e-25 b=nan op=1 expected=nan got=-inf
FAIL: a=7fd49008 b=5d090506 op=0 expected=7fc00000 got=7f800000
    a=nan b=6.17081522e+17 op=0 expected=nan got=inf
FAIL: a=7fedc011 b=23ba3fd1 op=1 expected=7fc00000 got=7f800000
    a=nan b=2.01931877e-17 op=1 expected=nan got=inf
FAIL: a=ffeeb8da b=530a47a8 op=1 expected=7fc00000 got=ff800000
    a=nan b=5.93907679e+11 op=1 expected=nan got=-inf
FAIL: a=7ff1b6fb b=4a6b6620 op=1 expected=7fc00000 got=7f800000
    a=nan b=3856776.0 op=1 expected=nan got=inf
FAIL: a=42269340 b=7fd6ab21 op=1 expected=7fc00000 got=ff800000
    a=41.6437988 b=nan op=1 expected=nan got=-inf
FAIL: a=ca65eb84 b=7feef68f op=0 expected=7fc00000 got=7f800000
    a=-3767009.0 b=nan op=0 expected=nan got=inf
FAIL: a=7fdbeba0 b=9e295b7e op=1 expected=7fc00000 got=7f800000
    a=nan b=-8.96570565e-21 op=1 expected=nan got=inf
FAIL: a=d41cda04 b=7fdd8d27 op=1 expected=7fc00000 got=ff800000
    a=-2.69469037e+12 b=nan op=1 expected=nan got=-inf
FAIL: a=ffe3162c b=5a165766 op=0 expected=7fc00000 got=ff800000
    a=nan b=1.05793355e+16 op=0 expected=nan got=-inf
FAIL: a=ffc269ca b=2393d202 op=0 expected=7fc00000 got=ff800000
    a=nan b=1.60267137e-17 op=0 expected=nan got=-inf
FAIL: a=ffefc803 b=8645aede op=1 expected=7fc00000 got=ff800000
    a=nan b=-3.71800541e-35 op=1 expected=nan got=-inf
FAIL: a=376e7761 b=ffe6ab70 op=1 expected=7fc00000 got=7f800000
    a=1.42137005e-05 b=nan op=1 expected=nan got=inf
FAIL: a=ffef4126 b=95367d2b op=0 expected=7fc00000 got=ff800000
    a=nan b=-3.68533474e-26 op=0 expected=nan got=-inf
FAIL: a=ffd110e7 b=724d7525 op=1 expected=7fc00000 got=ff800000
    a=nan b=4.06950695e+30 op=1 expected=nan got=-inf
FAIL: a=ffc3771d b=8f598e0a op=1 expected=7fc00000 got=ff800000
    a=nan b=-1.07262818e-29 op=1 expected=nan got=-inf
FAIL: a=f12b29b7 b=7fd369ed op=1 expected=7fc00000 got=ff800000
    a=-8.47557869e+29 b=nan op=1 expected=nan got=-inf
FAIL: a=02341bdd b=ffda2ef7 op=1 expected=7fc00000 got=7f800000
    a=1.32323078e-37 b=nan op=1 expected=nan got=inf
FAIL: a=fffbda42 b=20bc2961 op=0 expected=7fc00000 got=ff800000
    a=nan b=3.18758211e-19 op=0 expected=nan got=-inf
FAIL: a=ffefe4b9 b=e1b573f5 op=0 expected=7fc00000 got=ff800000
    a=nan b=-4.18402033e+20 op=0 expected=nan got=-inf
FAIL: a=ffee349d b=b250dd28 op=0 expected=7fc00000 got=ff800000
    a=nan b=-1.21574786e-08 op=0 expected=nan got=-inf
FAIL: a=e77b0814 b=7fd5b107 op=1 expected=7fc00000 got=ff800000
    a=-1.185463e+24 b=nan op=1 expected=nan got=-inf
FAIL: a=f918a94b b=ffdf852d op=0 expected=7fc00000 got=ff800000
    a=-4.95414245e+34 b=nan op=0 expected=nan got=-inf
FAIL: a=7fcb8357 b=2a8954de op=0 expected=7fc00000 got=7f800000
    a=nan b=2.43949771e-13 op=0 expected=nan got=inf
FAIL: a=dd56e328 b=ffee752c op=0 expected=7fc00000 got=ff800000
    a=-9.67766495e+17 b=nan op=0 expected=nan got=-inf
FAIL: a=ac2ecfb3 b=ffd0d03b op=1 expected=7fc00000 got=7f800000
    a=-2.48421834e-12 b=nan op=1 expected=nan got=inf
FAIL: a=7fc4fdca b=e7e0beee op=1 expected=7fc00000 got=7f800000
    a=nan b=-2.12266425e+24 op=1 expected=nan got=inf
FAIL: a=7feeca09 b=2f1b3752 op=0 expected=7fc00000 got=7f800000
    a=nan b=1.41168216e-10 op=0 expected=nan got=inf
FAIL: a=becbb089 b=7fc69072 op=0 expected=7fc00000 got=7f800000
    a=-0.397831231 b=nan op=0 expected=nan got=inf
FAIL: a=7fc93d37 b=d437dce5 op=0 expected=7fc00000 got=7f800000
    a=nan b=-3.15874004e+12 op=0 expected=nan got=inf
FAIL: a=163cb390 b=7ffa8024 op=1 expected=7fc00000 got=ff800000
    a=1.5243179e-25 b=nan op=1 expected=nan got=-inf
FAIL: a=86387918 b=7fea36b8 op=1 expected=7fc00000 got=ff800000
    a=-3.46955193e-35 b=nan op=1 expected=nan got=-inf
FAIL: a=2050c85a b=ffd4e91f op=1 expected=7fc00000 got=7f800000
    a=1.76845761e-19 b=nan op=1 expected=nan got=inf
FAIL: a=7fceb7b0 b=8b3be958 op=0 expected=7fc00000 got=7f800000
    a=nan b=-3.61904383e-32 op=0 expected=nan got=inf
FAIL: a=b4c7f2d5 b=7fd52f53 op=0 expected=7fc00000 got=7f800000
    a=-3.7243322e-07 b=nan op=0 expected=nan got=inf
FAIL: a=bbb45f25 b=ffc32928 op=1 expected=7fc00000 got=7f800000
    a=-0.00550450617 b=nan op=1 expected=nan got=inf
FAIL: a=ffc8d748 b=aed91200 op=1 expected=7fc00000 got=ff800000
    a=nan b=-9.87121496e-11 op=1 expected=nan got=-inf
FAIL: a=ffdab1b2 b=420c27f7 op=0 expected=7fc00000 got=ff800000
    a=nan b=35.0390282 op=0 expected=nan got=-inf
FAIL: a=fff5d869 b=75846884 op=1 expected=7fc00000 got=ff800000
    a=nan b=3.35694831e+32 op=1 expected=nan got=-inf
FAIL: a=ed436890 b=ffecc221 op=1 expected=7fc00000 got=7f800000
    a=-3.77974908e+27 b=nan op=1 expected=nan got=inf
FAIL: a=7ff8cb30 b=27725ec7 op=1 expected=7fc00000 got=7f800000
    a=nan b=3.36356254e-15 op=1 expected=nan got=inf
FAIL: a=7fd8ccf1 b=c23d10a5 op=1 expected=7fc00000 got=7f800000
    a=nan b=-47.2662544 op=1 expected=nan got=inf
FAIL: a=fffe80de b=63c32442 op=0 expected=7fc00000 got=ff800000
    a=nan b=7.19945549e+21 op=0 expected=nan got=-inf
FAIL: a=5753c59c b=7fe5f6e1 op=1 expected=7fc00000 got=ff800000
    a=2.32845679e+14 b=nan op=1 expected=nan got=-inf
FAIL: a=829a5727 b=7fc5e5c2 op=0 expected=7fc00000 got=7f800000
    a=-2.26782892e-37 b=nan op=0 expected=nan got=inf
FAIL: a=ffd73f7b b=4715c5e4 op=0 expected=7fc00000 got=ff800000
    a=nan b=38341.8906 op=0 expected=nan got=-inf
FAIL: a=ffdbbc3f b=697b9761 op=1 expected=7fc00000 got=ff800000
    a=nan b=1.9009703e+25 op=1 expected=nan got=-inf
FAIL: a=5b6ac1d9 b=ffe4495d op=0 expected=7fc00000 got=ff800000
    a=6.60782823e+16 b=nan op=0 expected=nan got=-inf
FAIL: a=7fcd8fa0 b=98806f43 op=1 expected=7fc00000 got=7f800000
    a=nan b=-3.31995701e-24 op=1 expected=nan got=inf
FAIL: a=8b065951 b=ffebd1d3 op=1 expected=7fc00000 got=7f800000
    a=-2.58746555e-32 b=nan op=1 expected=nan got=inf
FAIL: a=2a89fcdb b=ffdf176f op=0 expected=7fc00000 got=ff800000
    a=2.45115424e-13 b=nan op=0 expected=nan got=-inf
FAIL: a=c3de87ef b=ffe84374 op=1 expected=7fc00000 got=7f800000
    a=-445.061981 b=nan op=1 expected=nan got=inf
FAIL: a=ffcc9420 b=6d52fb6b op=0 expected=7fc00000 got=ff800000
    a=nan b=4.08098736e+27 op=0 expected=nan got=-inf
FAIL: a=bad4ba15 b=ffe6f609 op=1 expected=7fc00000 got=7f800000
    a=-0.00162297732 b=nan op=1 expected=nan got=inf
FAIL: a=b2d30857 b=ffd56fd3 op=1 expected=7fc00000 got=7f800000
    a=-2.45674254e-08 b=nan op=1 expected=nan got=inf
FAIL: a=3da80ee8 b=ffccb8ef op=0 expected=7fc00000 got=ff800000
    a=0.0820596814 b=nan op=0 expected=nan got=-inf
FAIL: a=0b02258b b=7ff9ba24 op=0 expected=7fc00000 got=7f800000
    a=2.50653335e-32 b=nan op=0 expected=nan got=inf
FAIL: a=7fcac544 b=f4a2fc3a op=0 expected=7fc00000 got=7f800000
    a=nan b=-1.03304181e+32 op=0 expected=nan got=inf
FAIL: a=e52a212b b=7fd8dfc4 op=0 expected=7fc00000 got=7f800000
    a=-5.02133839e+22 b=nan op=0 expected=nan got=inf
FAIL: a=ffe1f750 b=4a58f6b8 op=0 expected=7fc00000 got=ff800000
    a=nan b=3554734.0 op=0 expected=nan got=-inf
FAIL: a=28f16f5b b=ffcbe84e op=0 expected=7fc00000 got=ff800000
    a=2.68046676e-14 b=nan op=0 expected=nan got=-inf
FAIL: a=ffc3de32 b=23485f12 op=0 expected=7fc00000 got=ff800000
    a=nan b=1.08621536e-17 op=0 expected=nan got=-inf
FAIL: a=f4ae61c9 b=fffc507e op=0 expected=7fc00000 got=ff800000
    a=-1.10527707e+32 b=nan op=0 expected=nan got=-inf
FAIL: a=fff80f6a b=f2b6bfda op=0 expected=7fc00000 got=ff800000
    a=nan b=-7.23945038e+30 op=0 expected=nan got=-inf
FAIL: a=d7e0822f b=7fe8f32b op=0 expected=7fc00000 got=7f800000
    a=-4.93699478e+14 b=nan op=0 expected=nan got=inf
FAIL: a=d99f2a1f b=7fdc75d5 op=0 expected=7fc00000 got=7f800000
    a=-5.60010424e+15 b=nan op=0 expected=nan got=inf
FAIL: a=7fd7b0b6 b=794cc178 op=0 expected=7fc00000 got=7f800000
    a=nan b=6.64470357e+34 op=0 expected=nan got=inf
FAIL: a=345ac7f6 b=7ff61003 op=0 expected=7fc00000 got=7f800000
    a=2.03755775e-07 b=nan op=0 expected=nan got=inf
FAIL: a=ffefcb62 b=89de4187 op=0 expected=7fc00000 got=ff800000
    a=nan b=-5.35061776e-33 op=0 expected=nan got=-inf
FAIL: a=7fffbf64 b=9d1f0db6 op=0 expected=7fc00000 got=7f800000
    a=nan b=-2.10505632e-21 op=0 expected=nan got=inf
FAIL: a=7fde2d15 b=cc877a27 op=1 expected=7fc00000 got=7f800000
    a=nan b=-71029048.0 op=1 expected=nan got=inf
FAIL: a=fb821a86 b=7fc06398 op=1 expected=7fc00000 got=ff800000
    a=-1.3510731e+36 b=nan op=1 expected=nan got=-inf
FAIL: a=7ffa223b b=f9053f52 op=0 expected=7fc00000 got=7f800000
    a=nan b=-4.32412357e+34 op=0 expected=nan got=inf
FAIL: a=fff05dd3 b=c8d0189d op=1 expected=7fc00000 got=ff800000
    a=nan b=-426180.906 op=1 expected=nan got=-inf
FAIL: a=885959dd b=7fff4040 op=1 expected=7fc00000 got=ff800000
    a=-6.5406696e-34 b=nan op=1 expected=nan got=-inf
FAIL: a=ffde95a0 b=5ff6a5d0 op=1 expected=7fc00000 got=ff800000
    a=nan b=3.55456804e+19 op=1 expected=nan got=-inf
FAIL: a=47d56eaf b=fff71331 op=1 expected=7fc00000 got=7f800000
    a=109277.367 b=nan op=1 expected=nan got=inf
FAIL: a=dd529059 b=fffbd85e op=1 expected=7fc00000 got=7f800000
    a=-9.48295313e+17 b=nan op=1 expected=nan got=inf
FAIL: a=7fc22f8d b=20fc4a95 op=1 expected=7fc00000 got=7f800000
    a=nan b=4.27398148e-19 op=1 expected=nan got=inf
FAIL: a=df9aa119 b=7fd68c0b op=1 expected=7fc00000 got=ff800000
    a=-2.22844289e+19 b=nan op=1 expected=nan got=-inf
FAIL: a=7fedf8fd b=cf34c83c op=0 expected=7fc00000 got=7f800000
    a=nan b=-3.03302144e+09 op=0 expected=nan got=inf
FAIL: a=fffea206 b=d7d1733c op=1 expected=7fc00000 got=ff800000
    a=nan b=-4.60585716e+14 op=1 expected=nan got=-inf
FAIL: a=c3c966dc b=ffe68066 op=1 expected=7fc00000 got=7f800000
    a=-402.803589 b=nan op=1 expected=nan got=inf
FAIL: a=7fc5d289 b=1aa1cd6a op=0 expected=7fc00000 got=7f800000
    a=nan b=6.69199036e-23 op=0 expected=nan got=inf
FAIL: a=d1744938 b=ffeae1e5 op=1 expected=7fc00000 got=7f800000
    a=-6.55750267e+10 b=nan op=1 expected=nan got=inf
FAIL: a=ffe007e3 b=fd677339 op=0 expected=7fc00000 got=ff800000
    a=nan b=-1.92281211e+37 op=0 expected=nan got=-inf
FAIL: a=fff4f273 b=7a83b4a8 op=1 expected=7fc00000 got=ff800000
    a=nan b=3.41927516e+35 op=1 expected=nan got=-inf
FAIL: a=23539b79 b=7fd4430a op=0 expected=7fc00000 got=7f800000
    a=1.14712555e-17 b=nan op=0 expected=nan got=inf
FAIL: a=7fe126d7 b=31d4e9eb op=0 expected=7fc00000 got=7f800000
    a=nan b=6.19660545e-09 op=0 expected=nan got=inf
FAIL: a=2df195ff b=ffc15ece op=0 expected=7fc00000 got=ff800000
    a=2.74651395e-11 b=nan op=0 expected=nan got=-inf
FAIL: a=258dd090 b=fff94042 op=0 expected=7fc00000 got=ff800000
    a=2.46009285e-16 b=nan op=0 expected=nan got=-inf
FAIL: a=ffe21192 b=c078fe69 op=1 expected=7fc00000 got=ff800000
    a=nan b=-3.89052796 op=1 expected=nan got=-inf
FAIL: a=7ff22ed2 b=647d42ac op=0 expected=7fc00000 got=7f800000
    a=nan b=1.86873219e+22 op=0 expected=nan got=inf
FAIL: a=fccdfd55 b=7fe0d282 op=0 expected=7fc00000 got=7f800000
    a=-8.55647232e+36 b=nan op=0 expected=nan got=inf
FAIL: a=ffcf9ed8 b=519ac80c op=1 expected=7fc00000 got=ff800000
    a=nan b=8.30976492e+10 op=1 expected=nan got=-inf
FAIL: a=ffed0be9 b=6ca60d5c op=0 expected=7fc00000 got=ff800000
    a=nan b=1.60595819e+27 op=0 expected=nan got=-inf
FAIL: a=3d744de7 b=7fc6f8b5 op=1 expected=7fc00000 got=ff800000
    a=0.059644606 b=nan op=1 expected=nan got=-inf
FAIL: a=8c7c391e b=7ff3dec0 op=1 expected=7fc00000 got=ff800000
    a=-1.94305619e-31 b=nan op=1 expected=nan got=-inf
FAIL: a=3398ec25 b=7ff353e5 op=1 expected=7fc00000 got=ff800000
    a=7.12100601e-08 b=nan op=1 expected=nan got=-inf
FAIL: a=68d4ded2 b=7fd48140 op=0 expected=7fc00000 got=7f800000
    a=8.04201603e+24 b=nan op=0 expected=nan got=inf
FAIL: a=ffe35559 b=f81ab26c op=0 expected=7fc00000 got=ff800000
    a=nan b=-1.25505085e+34 op=0 expected=nan got=-inf
FAIL: a=ffeb7001 b=d244d08f op=0 expected=7fc00000 got=ff800000
    a=nan b=-2.11328156e+11 op=0 expected=nan got=-inf
FAIL: a=ffd1d2dd b=b7b0360c op=0 expected=7fc00000 got=ff800000
    a=nan b=-2.10060025e-05 op=0 expected=nan got=-inf
FAIL: a=5745e9ef b=ffc5d88f op=1 expected=7fc00000 got=7f800000
    a=2.17608528e+14 b=nan op=1 expected=nan got=inf
FAIL: a=ffe388f5 b=ab55459d op=1 expected=7fc00000 got=ff800000
    a=nan b=-7.57694092e-13 op=1 expected=nan got=-inf
FAIL: a=7fdd2556 b=b17cebd8 op=1 expected=7fc00000 got=7f800000
    a=nan b=-3.6804888e-09 op=1 expected=nan got=inf
FAIL: a=9878e33d b=7fcc1da6 op=0 expected=7fc00000 got=7f800000
    a=-3.21679748e-24 b=nan op=0 expected=nan got=inf
FAIL: a=ffe72c97 b=e162d919 op=0 expected=7fc00000 got=ff800000
    a=nan b=-2.61537981e+20 op=0 expected=nan got=-inf
FAIL: a=b5c115e5 b=fffbdd9e op=1 expected=7fc00000 got=7f800000
    a=-1.43859927e-06 b=nan op=1 expected=nan got=inf
FAIL: a=1bdee835 b=7fe70e49 op=0 expected=7fc00000 got=7f800000
    a=3.68768795e-22 b=nan op=0 expected=nan got=inf
FAIL: a=7fc2ed43 b=06a1132f op=0 expected=7fc00000 got=7f800000
    a=nan b=6.05896567e-35 op=0 expected=nan got=inf
FAIL: a=ffdbec98 b=f56e887a op=1 expected=7fc00000 got=ff800000
    a=nan b=-3.02376642e+32 op=1 expected=nan got=-inf
FAIL: a=7ffe5348 b=329b024f op=1 expected=7fc00000 got=7f800000
    a=nan b=1.80454247e-08 op=1 expected=nan got=inf
FAIL: a=3d4cef6b b=fffc7feb op=1 expected=7fc00000 got=7f800000
    a=0.0500330143 b=nan op=1 expected=nan got=inf
FAIL: a=1bcb6b67 b=ffef7251 op=0 expected=7fc00000 got=ff800000
    a=3.365294e-22 b=nan op=0 expected=nan got=-inf
FAIL: a=b4eed164 b=7fc62390 op=1 expected=7fc00000 got=ff800000
    a=-4.44833063e-07 b=nan op=1 expected=nan got=-inf
FAIL: a=78ea93e0 b=fffc368a op=0 expected=7fc00000 got=ff800000
    a=3.80623977e+34 b=nan op=0 expected=nan got=-inf
FAIL: a=ffc61ae6 b=397c759b op=0 expected=7fc00000 got=ff800000
    a=nan b=0.000240764042 op=0 expected=nan got=-inf
FAIL: a=3ab646af b=7ff92e36 op=0 expected=7fc00000 got=7f800000
    a=0.00139065634 b=nan op=0 expected=nan got=inf
FAIL: a=ffd7b9ed b=45bf6552 op=0 expected=7fc00000 got=ff800000
    a=nan b=6124.66504 op=0 expected=nan got=-inf
FAIL: a=7ff5109d b=d4e9d323 op=1 expected=7fc00000 got=7f800000
    a=nan b=-8.03415733e+12 op=1 expected=nan got=inf
FAIL: a=fff7d447 b=f47fbfcf op=0 expected=7fc00000 got=ff800000
    a=nan b=-8.10501733e+31 op=0 expected=nan got=-inf
FAIL: a=7fd58205 b=c075a09a op=0 expected=7fc00000 got=7f800000
    a=nan b=-3.83792734 op=0 expected=nan got=inf
FAIL: a=ffc021b7 b=3edcde19 op=0 expected=7fc00000 got=ff800000
    a=nan b=0.431381971 op=0 expected=nan got=-inf
FAIL: a=ba74cd49 b=fff00118 op=0 expected=7fc00000 got=ff800000
    a=-0.00093384512 b=nan op=0 expected=nan got=-inf
FAIL: a=ca9f7798 b=ffd532ea op=0 expected=7fc00000 got=ff800000
    a=-5225420.0 b=nan op=0 expected=nan got=-inf
FAIL: a=9468da03 b=7ffb8cf6 op=0 expected=7fc00000 got=7f800000
    a=-1.1756002e-26 b=nan op=0 expected=nan got=inf
FAIL: a=7fd6d0b8 b=d8673f97 op=0 expected=7fc00000 got=7f800000
    a=nan b=-1.01704121e+15 op=0 expected=nan got=inf
FAIL: a=253d06a6 b=ffe3d49d op=1 expected=7fc00000 got=7f800000
    a=1.63953894e-16 b=nan op=1 expected=nan got=inf
FAIL: a=ffff9e53 b=97fcf62f op=1 expected=7fc00000 got=ff800000
    a=nan b=-1.63472638e-24 op=1 expected=nan got=-inf
FAIL: a=7fc73556 b=16a7b579 op=1 expected=7fc00000 got=7f800000
    a=nan b=2.70948305e-25 op=1 expected=nan got=inf
